Archive member included to satisfy reference by file (symbol)

c:/program files (x86)/atmel/studio/7.0/toolchain/arm/arm-gnu-toolchain/bin/../lib/gcc/arm-none-eabi/6.2.1/thumb/v6-m\libgcc.a(_udivsi3.o)
                              src/ASF/common2/services/delay/sam0/systick_counter.o (__aeabi_uidiv)
c:/program files (x86)/atmel/studio/7.0/toolchain/arm/arm-gnu-toolchain/bin/../lib/gcc/arm-none-eabi/6.2.1/thumb/v6-m\libgcc.a(_divsi3.o)
                              src/Finch2ReadSensors.o (__aeabi_idiv)
c:/program files (x86)/atmel/studio/7.0/toolchain/arm/arm-gnu-toolchain/bin/../lib/gcc/arm-none-eabi/6.2.1/thumb/v6-m\libgcc.a(_dvmd_tls.o)
                              c:/program files (x86)/atmel/studio/7.0/toolchain/arm/arm-gnu-toolchain/bin/../lib/gcc/arm-none-eabi/6.2.1/thumb/v6-m\libgcc.a(_udivsi3.o) (__aeabi_idiv0)
c:/program files (x86)/atmel/studio/7.0/toolchain/arm/arm-gnu-toolchain/bin/../lib/gcc/arm-none-eabi/6.2.1/thumb/v6-m\libgcc.a(_muldi3.o)
                              src/ASF/sam0/drivers/sercom/sercom.o (__aeabi_lmul)
c:/program files (x86)/atmel/studio/7.0/toolchain/arm/arm-gnu-toolchain/bin/../lib/gcc/arm-none-eabi/6.2.1/../../../../arm-none-eabi/lib/thumb/v6-m\libc_nano.a(lib_a-exit.o)
                              c:/program files (x86)/atmel/studio/7.0/toolchain/arm/arm-gnu-toolchain/bin/../lib/gcc/arm-none-eabi/6.2.1/../../../../arm-none-eabi/lib/thumb/v6-m/crt0.o (exit)
c:/program files (x86)/atmel/studio/7.0/toolchain/arm/arm-gnu-toolchain/bin/../lib/gcc/arm-none-eabi/6.2.1/../../../../arm-none-eabi/lib/thumb/v6-m\libc_nano.a(lib_a-impure.o)
                              c:/program files (x86)/atmel/studio/7.0/toolchain/arm/arm-gnu-toolchain/bin/../lib/gcc/arm-none-eabi/6.2.1/../../../../arm-none-eabi/lib/thumb/v6-m\libc_nano.a(lib_a-exit.o) (_global_impure_ptr)
c:/program files (x86)/atmel/studio/7.0/toolchain/arm/arm-gnu-toolchain/bin/../lib/gcc/arm-none-eabi/6.2.1/../../../../arm-none-eabi/lib/thumb/v6-m\libc_nano.a(lib_a-init.o)
                              c:/program files (x86)/atmel/studio/7.0/toolchain/arm/arm-gnu-toolchain/bin/../lib/gcc/arm-none-eabi/6.2.1/../../../../arm-none-eabi/lib/thumb/v6-m/crt0.o (__libc_init_array)
c:/program files (x86)/atmel/studio/7.0/toolchain/arm/arm-gnu-toolchain/bin/../lib/gcc/arm-none-eabi/6.2.1/../../../../arm-none-eabi/lib/thumb/v6-m\libc_nano.a(lib_a-malloc.o)
                              src/Finch2ADC.o (malloc)
c:/program files (x86)/atmel/studio/7.0/toolchain/arm/arm-gnu-toolchain/bin/../lib/gcc/arm-none-eabi/6.2.1/../../../../arm-none-eabi/lib/thumb/v6-m\libc_nano.a(lib_a-memcpy-stub.o)
                              src/ASF/sam0/drivers/adc/adc_sam_d_r_h/adc.o (memcpy)
c:/program files (x86)/atmel/studio/7.0/toolchain/arm/arm-gnu-toolchain/bin/../lib/gcc/arm-none-eabi/6.2.1/../../../../arm-none-eabi/lib/thumb/v6-m\libc_nano.a(lib_a-memset.o)
                              c:/program files (x86)/atmel/studio/7.0/toolchain/arm/arm-gnu-toolchain/bin/../lib/gcc/arm-none-eabi/6.2.1/../../../../arm-none-eabi/lib/thumb/v6-m/crt0.o (memset)
c:/program files (x86)/atmel/studio/7.0/toolchain/arm/arm-gnu-toolchain/bin/../lib/gcc/arm-none-eabi/6.2.1/../../../../arm-none-eabi/lib/thumb/v6-m\libc_nano.a(lib_a-nano-freer.o)
                              c:/program files (x86)/atmel/studio/7.0/toolchain/arm/arm-gnu-toolchain/bin/../lib/gcc/arm-none-eabi/6.2.1/../../../../arm-none-eabi/lib/thumb/v6-m\libc_nano.a(lib_a-malloc.o) (_free_r)
c:/program files (x86)/atmel/studio/7.0/toolchain/arm/arm-gnu-toolchain/bin/../lib/gcc/arm-none-eabi/6.2.1/../../../../arm-none-eabi/lib/thumb/v6-m\libc_nano.a(lib_a-nano-mallocr.o)
                              c:/program files (x86)/atmel/studio/7.0/toolchain/arm/arm-gnu-toolchain/bin/../lib/gcc/arm-none-eabi/6.2.1/../../../../arm-none-eabi/lib/thumb/v6-m\libc_nano.a(lib_a-malloc.o) (_malloc_r)
c:/program files (x86)/atmel/studio/7.0/toolchain/arm/arm-gnu-toolchain/bin/../lib/gcc/arm-none-eabi/6.2.1/../../../../arm-none-eabi/lib/thumb/v6-m\libc_nano.a(lib_a-sbrkr.o)
                              c:/program files (x86)/atmel/studio/7.0/toolchain/arm/arm-gnu-toolchain/bin/../lib/gcc/arm-none-eabi/6.2.1/../../../../arm-none-eabi/lib/thumb/v6-m\libc_nano.a(lib_a-nano-mallocr.o) (_sbrk_r)
c:/program files (x86)/atmel/studio/7.0/toolchain/arm/arm-gnu-toolchain/bin/../lib/gcc/arm-none-eabi/6.2.1/../../../../arm-none-eabi/lib/thumb/v6-m\libc_nano.a(lib_a-mlock.o)
                              c:/program files (x86)/atmel/studio/7.0/toolchain/arm/arm-gnu-toolchain/bin/../lib/gcc/arm-none-eabi/6.2.1/../../../../arm-none-eabi/lib/thumb/v6-m\libc_nano.a(lib_a-nano-freer.o) (__malloc_lock)
c:/program files (x86)/atmel/studio/7.0/toolchain/arm/arm-gnu-toolchain/bin/../lib/gcc/arm-none-eabi/6.2.1/../../../../arm-none-eabi/lib/thumb/v6-m\libc_nano.a(lib_a-reent.o)
[...]
Memory Configuration

Name             Origin             Length             Attributes
rom              0x00000000         0x00004000         xr
ram              0x20000000         0x00001000         xrw
*default*        0x00000000         0xffffffff

Linker script and memory map

LOAD c:/program files (x86)/atmel/studio/7.0/toolchain/arm/arm-gnu-toolchain/bin/../lib/gcc/arm-none-eabi/6.2.1/thumb/v6-m/crti.o
LOAD c:/program files (x86)/atmel/studio/7.0/toolchain/arm/arm-gnu-toolchain/bin/../lib/gcc/arm-none-eabi/6.2.1/thumb/v6-m/crtbegin.o
LOAD c:/program files (x86)/atmel/studio/7.0/toolchain/arm/arm-gnu-toolchain/bin/../lib/gcc/arm-none-eabi/6.2.1/../../../../arm-none-eabi/lib/thumb/v6-m/crt0.o
LOAD src/Finch2ADC.o
LOAD src/Finch2Battery.o
LOAD src/Finch2InterruptHandler.o
LOAD src/Finch2LineSensor.o
LOAD src/Finch2ReadSensors.o
LOAD src/Finch2SPISave.o
LOAD src/Finch2Ultrasound.o
LOAD src/Finch2SPISlaveControl.o
LOAD src/FinchControlLoop.o
LOAD src/ASF/common2/services/delay/sam0/systick_counter.o
LOAD src/ASF/sam0/drivers/adc/adc_sam_d_r_h/adc.o
LOAD src/ASF/sam0/drivers/adc/adc_sam_d_r_h/adc_callback.o
LOAD src/ASF/sam0/drivers/dma/dma.o
LOAD src/ASF/sam0/drivers/extint/extint_callback.o
LOAD src/ASF/sam0/drivers/extint/extint_sam_d_r_h/extint.o
LOAD src/ASF/sam0/drivers/port/port.o
LOAD src/ASF/sam0/drivers/sercom/sercom.o
LOAD src/ASF/sam0/drivers/sercom/sercom_interrupt.o
LOAD src/ASF/sam0/drivers/sercom/spi/spi.o
LOAD src/ASF/sam0/drivers/sercom/spi/spi_interrupt.o
LOAD src/ASF/sam0/drivers/sercom/spi_master_vec/spi_master_vec.o
LOAD src/ASF/sam0/drivers/tcc/tcc.o
LOAD src/ASF/sam0/drivers/tcc/tcc_callback.o
LOAD src/ASF/sam0/drivers/tc/tc_interrupt.o
LOAD src/ASF/sam0/drivers/tc/tc_sam_d_r_h/tc.o
LOAD src/test.o
LOAD src/Finch2AddLEDControl.o
LOAD src/ASF/common2/boards/user_board/init.o
LOAD src/ASF/common/utils/interrupt/interrupt_sam_nvic.o
LOAD src/ASF/sam0/drivers/system/clock/clock_samd09_d10_d11/clock.o
LOAD src/ASF/sam0/drivers/system/clock/clock_samd09_d10_d11/gclk.o
LOAD src/ASF/sam0/drivers/system/interrupt/system_interrupt.o
LOAD src/ASF/sam0/drivers/system/pinmux/pinmux.o
LOAD src/ASF/sam0/drivers/system/system.o
LOAD src/ASF/sam0/utils/cmsis/samd10/source/gcc/startup_samd10.o
LOAD src/ASF/sam0/utils/cmsis/samd10/source/system_samd10.o
LOAD src/ASF/sam0/utils/syscalls/gcc/syscalls.o
LOAD src/Finch2AddLED.o
LOAD src/Finch2PowerButton.o
LOAD src/FinchMotorControlLoop.o
LOAD src/FinchEncoders.o
LOAD src/FinchMotors.o
LOAD src/main.o
START GROUP
LOAD ../src/ASF/thirdparty/CMSIS/Lib/GCC\libarm_cortexM0l_math.a
LOAD c:/program files (x86)/atmel/studio/7.0/toolchain/arm/arm-gnu-toolchain/bin/../lib/gcc/arm-none-eabi/6.2.1/../../../../arm-none-eabi/lib/thumb/v6-m\libm.a
END GROUP
START GROUP
LOAD c:/program files (x86)/atmel/studio/7.0/toolchain/arm/arm-gnu-toolchain/bin/../lib/gcc/arm-none-eabi/6.2.1/thumb/v6-m\libgcc.a
LOAD c:/program files (x86)/atmel/studio/7.0/toolchain/arm/arm-gnu-toolchain/bin/../lib/gcc/arm-none-eabi/6.2.1/../../../../arm-none-eabi/lib/thumb/v6-m\libc_nano.a
END GROUP
START GROUP
LOAD c:/program files (x86)/atmel/studio/7.0/toolchain/arm/arm-gnu-toolchain/bin/../lib/gcc/arm-none-eabi/6.2.1/thumb/v6-m\libgcc.a
LOAD c:/program files (x86)/atmel/studio/7.0/toolchain/arm/arm-gnu-toolchain/bin/../lib/gcc/arm-none-eabi/6.2.1/../../../../arm-none-eabi/lib/thumb/v6-m\libc_nano.a
END GROUP
LOAD c:/program files (x86)/atmel/studio/7.0/toolchain/arm/arm-gnu-toolchain/bin/../lib/gcc/arm-none-eabi/6.2.1/thumb/v6-m/crtend.o
LOAD c:/program files (x86)/atmel/studio/7.0/toolchain/arm/arm-gnu-toolchain/bin/../lib/gcc/arm-none-eabi/6.2.1/thumb/v6-m/crtn.o
                0x00000400                STACK_SIZE = DEFINED (STACK_SIZE)?STACK_SIZE:DEFINED (__stack_size__)?__stack_size__:0x400

.text           0x00000000     0x3790
                0x00000000                . = ALIGN (0x4)
                0x00000000                _sfixed = .
 *(.vectors .vectors.*)
 .vectors       0x00000000       0x8c src/ASF/sam0/utils/cmsis/samd10/source/gcc/startup_samd10.o
                0x00000000                exception_table
 *(.text .text.* .gnu.linkonce.t.*)
 .text          0x0000008c       0x60 c:/program files (x86)/atmel/studio/7.0/toolchain/arm/arm-gnu-toolchain/bin/../lib/gcc/arm-none-eabi/6.2.1/thumb/v6-m/crtbegin.o
 .text.initInterruptHandler
                0x000000ec       0xa4 src/Finch2InterruptHandler.o
                0x000000ec                initInterruptHandler
 .text.filterUltrasound
                0x00000190       0x64 src/Finch2ReadSensors.o
                0x00000190                filterUltrasound
 .text.readSensors
                0x000001f4       0x80 src/Finch2ReadSensors.o
                0x000001f4                readSensors
 .text.configure_spi_slave
                0x00000274       0xa4 src/Finch2SPISave.o
                0x00000274                configure_spi_slave
 .text.check_buffer
                0x00000318       0x88 src/Finch2SPISave.o
                0x00000318                check_buffer
 .text.configure_spi_slave_callbacks
                0x000003a0       0x28 src/Finch2SPISave.o
                0x000003a0                configure_spi_slave_callbacks
 .text.disableSlaveSPI
                0x000003c8       0x40 src/Finch2SPISave.o
                0x000003c8                disableSlaveSPI
 .text.spi_slave_init
                0x00000408       0x64 src/Finch2SPISave.o
                0x00000408                spi_slave_init
 .text.spi_slave_callback
                0x0000046c       0xb8 src/Finch2SPISave.o
 .text.TC2_OV_callback
                0x00000524       0x14 src/Finch2Ultrasound.o
                0x00000524                TC2_OV_callback
 .text.new_echo_detection_callback
                0x00000538       0x54 src/Finch2Ultrasound.o
                0x00000538                new_echo_detection_callback
 .text.configure_tc2
                0x0000058c       0x64 src/Finch2Ultrasound.o
                0x0000058c                configure_tc2
 .text.configure_echo_extint
                0x000005f0       0x34 src/Finch2Ultrasound.o
                0x000005f0                configure_echo_extint
 .text.setup_ultrasound
                0x00000624       0x38 src/Finch2Ultrasound.o
                0x00000624                setup_ultrasound
 .text.configurePins
                0x0000065c       0x28 src/Finch2Ultrasound.o
                0x0000065c                configurePins
 .text.getUltrasoundDistance
                0x00000684       0x28 src/Finch2Ultrasound.o
                0x00000684                getUltrasoundDistance
 .text.configure_TC2_callback
                0x000006ac       0x4c src/Finch2Ultrasound.o
                0x000006ac                configure_TC2_callback
 .text.checkUltrasound
                0x000006f8       0x20 src/Finch2Ultrasound.o
                0x000006f8                checkUltrasound
 .text.configure_ext_callback
                0x00000718       0x24 src/Finch2Ultrasound.o
                0x00000718                configure_ext_callback
 .text.configureModules
                0x0000073c       0x14 src/Finch2Ultrasound.o
                0x0000073c                configureModules
 .text.configureCallbacks
                0x00000750       0x14 src/Finch2Ultrasound.o
                0x00000750                configureCallbacks
 .text.configureUltrasound
                0x00000764       0x1c src/Finch2Ultrasound.o
                0x00000764                configureUltrasound
 .text.readLED2Struct
                0x00000780       0x26 src/Finch2SPISlaveControl.o
                0x00000780                readLED2Struct
 *fill*         0x000007a6        0x2 
 .text.packMotors
                0x000007a8       0x40 src/Finch2SPISlaveControl.o
                0x000007a8                packMotors
 .text.controlLoop
                0x000007e8       0x70 src/Finch2SPISlaveControl.o
                0x000007e8                controlLoop
 .text.spi_main_loop
                0x00000858       0xf0 src/Finch2SPISlaveControl.o
                0x00000858                spi_main_loop
 .text.delay_init
                0x00000948       0x40 src/ASF/common2/services/delay/sam0/systick_counter.o
                0x00000948                delay_init
 .text.delay_cycles_us
                0x00000988       0x2c src/ASF/common2/services/delay/sam0/systick_counter.o
                0x00000988                delay_cycles_us
 .text.delay_cycles_ms
                0x000009b4       0x2c src/ASF/common2/services/delay/sam0/systick_counter.o
                0x000009b4                delay_cycles_ms
 .text.ADC_Handler
                0x000009e0       0xc0 src/ASF/sam0/drivers/adc/adc_sam_d_r_h/adc_callback.o
                0x000009e0                ADC_Handler
 .text.DMAC_Handler
                0x00000aa0       0xb4 src/ASF/sam0/drivers/dma/dma.o
                0x00000aa0                DMAC_Handler
 .text.dma_get_config_defaults
                0x00000b54       0x10 src/ASF/sam0/drivers/dma/dma.o
                0x00000b54                dma_get_config_defaults
 .text.dma_allocate
                0x00000b64      0x148 src/ASF/sam0/drivers/dma/dma.o
                0x00000b64                dma_allocate
 .text.dma_start_transfer_job
                0x00000cac       0x88 src/ASF/sam0/drivers/dma/dma.o
                0x00000cac                dma_start_transfer_job
 .text.dma_descriptor_create
                0x00000d34       0xa8 src/ASF/sam0/drivers/dma/dma.o
                0x00000d34                dma_descriptor_create
 .text.dma_add_descriptor
                0x00000ddc       0x2a src/ASF/sam0/drivers/dma/dma.o
                0x00000ddc                dma_add_descriptor
 *fill*         0x00000e06        0x2 
 .text.extint_register_callback
                0x00000e08       0x2c src/ASF/sam0/drivers/extint/extint_callback.o
                0x00000e08                extint_register_callback
 .text.extint_chan_enable_callback
                0x00000e34       0x24 src/ASF/sam0/drivers/extint/extint_callback.o
                0x00000e34                extint_chan_enable_callback
 .text.extint_chan_disable_callback
                0x00000e58       0x20 src/ASF/sam0/drivers/extint/extint_callback.o
                0x00000e58                extint_chan_disable_callback
 .text.EIC_Handler
                0x00000e78       0x54 src/ASF/sam0/drivers/extint/extint_callback.o
                0x00000e78                EIC_Handler
 .text._extint_enable
                0x00000ecc       0x18 src/ASF/sam0/drivers/extint/extint_sam_d_r_h/extint.o
 .text._system_extint_init
                0x00000ee4       0x6c src/ASF/sam0/drivers/extint/extint_sam_d_r_h/extint.o
                0x00000ee4                _system_extint_init
 .text.extint_chan_get_config_defaults
                0x00000f50       0x14 src/ASF/sam0/drivers/extint/extint_sam_d_r_h/extint.o
                0x00000f50                extint_chan_get_config_defaults
 .text.extint_chan_set_config
                0x00000f64       0x78 src/ASF/sam0/drivers/extint/extint_sam_d_r_h/extint.o
                0x00000f64                extint_chan_set_config
 .text.port_pin_set_config
                0x00000fdc       0x24 src/ASF/sam0/drivers/port/port.o
                0x00000fdc                port_pin_set_config
 .text._sercom_get_sync_baud_val
                0x00001000       0x28 src/ASF/sam0/drivers/sercom/sercom.o
                0x00001000                _sercom_get_sync_baud_val
 .text.sercom_set_gclk_generator
                0x00001028       0x4c src/ASF/sam0/drivers/sercom/sercom.o
                0x00001028                sercom_set_gclk_generator
 .text._sercom_get_default_pad
                0x00001074       0xc0 src/ASF/sam0/drivers/sercom/sercom.o
                0x00001074                _sercom_get_default_pad
 .text._sercom_get_sercom_inst_index
                0x00001134       0x38 src/ASF/sam0/drivers/sercom/sercom.o
                0x00001134                _sercom_get_sercom_inst_index
 .text._sercom_default_handler
                0x0000116c        0x2 src/ASF/sam0/drivers/sercom/sercom_interrupt.o
 *fill*         0x0000116e        0x2 
 .text._sercom_set_handler
                0x00001170       0x3c src/ASF/sam0/drivers/sercom/sercom_interrupt.o
                0x00001170                _sercom_set_handler
 .text._sercom_get_interrupt_vector
                0x000011ac       0x20 src/ASF/sam0/drivers/sercom/sercom_interrupt.o
                0x000011ac                _sercom_get_interrupt_vector
 .text.SERCOM0_Handler
                0x000011cc       0x10 src/ASF/sam0/drivers/sercom/sercom_interrupt.o
                0x000011cc                SERCOM0_Handler
 .text.SERCOM1_Handler
                0x000011dc       0x10 src/ASF/sam0/drivers/sercom/sercom_interrupt.o
                0x000011dc                SERCOM1_Handler
 .text.SERCOM2_Handler
                0x000011ec       0x10 src/ASF/sam0/drivers/sercom/sercom_interrupt.o
                0x000011ec                SERCOM2_Handler
 .text.spi_reset
                0x000011fc       0x4c src/ASF/sam0/drivers/sercom/spi/spi.o
                0x000011fc                spi_reset
 .text.spi_init
                0x00001248      0x214 src/ASF/sam0/drivers/sercom/spi/spi.o
                0x00001248                spi_init
 .text.spi_register_callback
                0x0000145c       0x18 src/ASF/sam0/drivers/sercom/spi/spi_interrupt.o
                0x0000145c                spi_register_callback
 .text.spi_transceive_buffer_job
                0x00001474       0x48 src/ASF/sam0/drivers/sercom/spi/spi_interrupt.o
                0x00001474                spi_transceive_buffer_job
 .text._spi_interrupt_handler
                0x000014bc      0x160 src/ASF/sam0/drivers/sercom/spi/spi_interrupt.o
                0x000014bc                _spi_interrupt_handler
 .text._tcc_get_inst_index
                0x0000161c        0x4 src/ASF/sam0/drivers/tcc/tcc.o
                0x0000161c                _tcc_get_inst_index
 .text._tcc_set_compare_value
                0x00001620       0x58 src/ASF/sam0/drivers/tcc/tcc.o
 .text.tcc_get_config_defaults
                0x00001678      0x13c src/ASF/sam0/drivers/tcc/tcc.o
                0x00001678                tcc_get_config_defaults
 .text.tcc_init
                0x000017b4      0x388 src/ASF/sam0/drivers/tcc/tcc.o
                0x000017b4                tcc_init
 .text.tcc_set_compare_value
                0x00001b3c       0x10 src/ASF/sam0/drivers/tcc/tcc.o
                0x00001b3c                tcc_set_compare_value
 .text._tcc_interrupt_handler
                0x00001b4c       0x4c src/ASF/sam0/drivers/tcc/tcc_callback.o
                0x00001b4c                _tcc_interrupt_handler
 .text.TCC0_Handler
                0x00001b98       0x10 src/ASF/sam0/drivers/tcc/tcc_callback.o
                0x00001b98                TCC0_Handler
 .text.tc_register_callback
                0x00001ba8       0x32 src/ASF/sam0/drivers/tc/tc_interrupt.o
                0x00001ba8                tc_register_callback
 *fill*         0x00001bda        0x2 
 .text._tc_interrupt_handler
                0x00001bdc       0x64 src/ASF/sam0/drivers/tc/tc_interrupt.o
                0x00001bdc                _tc_interrupt_handler
 .text.TC1_Handler
                0x00001c40       0x10 src/ASF/sam0/drivers/tc/tc_interrupt.o
                0x00001c40                TC1_Handler
 .text.TC2_Handler
                0x00001c50       0x10 src/ASF/sam0/drivers/tc/tc_interrupt.o
                0x00001c50                TC2_Handler
 .text._tc_get_inst_index
                0x00001c60       0x24 src/ASF/sam0/drivers/tc/tc_sam_d_r_h/tc.o
                0x00001c60                _tc_get_inst_index
 .text.tc_init  0x00001c84      0x230 src/ASF/sam0/drivers/tc/tc_sam_d_r_h/tc.o
                0x00001c84                tc_init
 .text.tc_set_count_value
                0x00001eb4       0x32 src/ASF/sam0/drivers/tc/tc_sam_d_r_h/tc.o
                0x00001eb4                tc_set_count_value
 .text.tc_get_count_value
                0x00001ee6       0x2c src/ASF/sam0/drivers/tc/tc_sam_d_r_h/tc.o
                0x00001ee6                tc_get_count_value
 *fill*         0x00001f12        0x2 
 .text.convertColorSPIData
                0x00001f14      0x14c src/Finch2AddLEDControl.o
 .text.RGBPI55SetAllLED
                0x00002060       0xa4 src/Finch2AddLEDControl.o
                0x00002060                RGBPI55SetAllLED
 .text.clearLEDS
                0x00002104       0x28 src/Finch2AddLEDControl.o
                0x00002104                clearLEDS
 .text.system_board_init
                0x0000212c        0x2 src/ASF/common2/boards/user_board/init.o
                0x0000212c                board_init
                0x0000212c                system_board_init
 *fill*         0x0000212e        0x2 
 .text.cpu_irq_enter_critical
                0x00002130       0x40 src/ASF/common/utils/interrupt/interrupt_sam_nvic.o
                0x00002130                cpu_irq_enter_critical
 .text.cpu_irq_leave_critical
                0x00002170       0x30 src/ASF/common/utils/interrupt/interrupt_sam_nvic.o
                0x00002170                cpu_irq_leave_critical
 .text.system_clock_source_get_hz
                0x000021a0       0x90 src/ASF/sam0/drivers/system/clock/clock_samd09_d10_d11/clock.o
                0x000021a0                system_clock_source_get_hz
 .text.system_clock_source_osc8m_set_config
                0x00002230       0x3c src/ASF/sam0/drivers/system/clock/clock_samd09_d10_d11/clock.o
                0x00002230                system_clock_source_osc8m_set_config
 .text.system_clock_source_osc32k_set_config
                0x0000226c       0x7c src/ASF/sam0/drivers/system/clock/clock_samd09_d10_d11/clock.o
                0x0000226c                system_clock_source_osc32k_set_config
 .text.system_clock_source_dfll_set_config
                0x000022e8       0x80 src/ASF/sam0/drivers/system/clock/clock_samd09_d10_d11/clock.o
                0x000022e8                system_clock_source_dfll_set_config
 .text.system_clock_source_enable
                0x00002368       0xa8 src/ASF/sam0/drivers/system/clock/clock_samd09_d10_d11/clock.o
                0x00002368                system_clock_source_enable
 .text.system_clock_init
                0x00002410      0x198 src/ASF/sam0/drivers/system/clock/clock_samd09_d10_d11/clock.o
                0x00002410                system_clock_init
 .text.system_gclk_init
                0x000025a8       0x24 src/ASF/sam0/drivers/system/clock/clock_samd09_d10_d11/gclk.o
                0x000025a8                system_gclk_init
 .text.system_gclk_gen_set_config
                0x000025cc       0xb8 src/ASF/sam0/drivers/system/clock/clock_samd09_d10_d11/gclk.o
                0x000025cc                system_gclk_gen_set_config
 .text.system_gclk_gen_enable
                0x00002684       0x44 src/ASF/sam0/drivers/system/clock/clock_samd09_d10_d11/gclk.o
                0x00002684                system_gclk_gen_enable
 .text.system_gclk_gen_get_hz
                0x000026c8       0x8c src/ASF/sam0/drivers/system/clock/clock_samd09_d10_d11/gclk.o
                0x000026c8                system_gclk_gen_get_hz
 .text.system_gclk_chan_enable
                0x00002754       0x30 src/ASF/sam0/drivers/system/clock/clock_samd09_d10_d11/gclk.o
                0x00002754                system_gclk_chan_enable
 .text.system_gclk_chan_disable
                0x00002784       0x5c src/ASF/sam0/drivers/system/clock/clock_samd09_d10_d11/gclk.o
                0x00002784                system_gclk_chan_disable
 .text.system_gclk_chan_set_config
                0x000027e0       0x1c src/ASF/sam0/drivers/system/clock/clock_samd09_d10_d11/gclk.o
                0x000027e0                system_gclk_chan_set_config
 .text.system_gclk_chan_get_hz
                0x000027fc       0x34 src/ASF/sam0/drivers/system/clock/clock_samd09_d10_d11/gclk.o
                0x000027fc                system_gclk_chan_get_hz
 .text._system_pinmux_config
                0x00002830       0xa8 src/ASF/sam0/drivers/system/pinmux/pinmux.o
 .text.system_pinmux_pin_set_config
                0x000028d8       0x30 src/ASF/sam0/drivers/system/pinmux/pinmux.o
                0x000028d8                system_pinmux_pin_set_config
 .text._system_dummy_init
                0x00002908        0x2 src/ASF/sam0/drivers/system/system.o
                0x00002908                _system_events_init
                0x00002908                _system_dummy_init
                0x00002908                _system_divas_init
 *fill*         0x0000290a        0x2 
 .text.system_init
                0x0000290c       0x2c src/ASF/sam0/drivers/system/system.o
                0x0000290c                system_init
 .text.Reset_Handler
                0x00002938       0xd0 src/ASF/sam0/utils/cmsis/samd10/source/gcc/startup_samd10.o
                0x00002938                Reset_Handler
 .text.Dummy_Handler
                0x00002a08       0x24 src/ASF/sam0/utils/cmsis/samd10/source/gcc/startup_samd10.o
                0x00002a08                HardFault_Handler
                0x00002a08                AC_Handler
                0x00002a08                SysTick_Handler
                0x00002a08                PendSV_Handler
                0x00002a08                NMI_Handler
                0x00002a08                RTC_Handler
                0x00002a08                WDT_Handler
                0x00002a08                Dummy_Handler
                0x00002a08                PM_Handler
                0x00002a08                SVC_Handler
                0x00002a08                EVSYS_Handler
                0x00002a08                NVMCTRL_Handler
                0x00002a08                DAC_Handler
                0x00002a08                PTC_Handler
                0x00002a08                SYSCTRL_Handler
 .text.transfer_done
                0x00002a2c        0xc src/Finch2AddLED.o
 .text.sourceRegisterInit
                0x00002a38       0x30 src/Finch2AddLED.o
                0x00002a38                sourceRegisterInit
 .text.setup_DMA
                0x00002a68       0x98 src/Finch2AddLED.o
                0x00002a68                setup_DMA
 .text.configureSPIMaster
                0x00002b00       0x9c src/Finch2AddLED.o
                0x00002b00                configureSPIMaster
 .text.RGBPI55Init
                0x00002b9c       0x1c src/Finch2AddLED.o
                0x00002b9c                RGBPI55Init
 .text.init_power_pin
                0x00002bb8       0x2c src/Finch2PowerButton.o
                0x00002bb8                init_power_pin
 .text.power_off
                0x00002be4       0x1c src/Finch2PowerButton.o
                0x00002be4                power_off
 .text.sendColorLED
                0x00002c00       0x16 src/Finch2PowerButton.o
                0x00002c00                sendColorLED
 *fill*         0x00002c16        0x2 
 .text.powerLEDIndication
                0x00002c18       0x78 src/Finch2PowerButton.o
                0x00002c18                powerLEDIndication
 .text.check_power_off_button
                0x00002c90       0x84 src/Finch2PowerButton.o
                0x00002c90                check_power_off_button
 .text.power_button_init
                0x00002d14       0x38 src/Finch2PowerButton.o
                0x00002d14                power_button_init
 .text.update_PID_values
                0x00002d4c        0x2 src/FinchMotorControlLoop.o
                0x00002d4c                update_PID_values
 *fill*         0x00002d4e        0x2 
 .text.velocityControlLeft
                0x00002d50       0x98 src/FinchMotorControlLoop.o
                0x00002d50                velocityControlLeft
 .text.velocityControlLoop
                0x00002de8       0x4c src/FinchMotorControlLoop.o
                0x00002de8                velocityControlLoop
 .text.motorControlLoop
                0x00002e34       0x18 src/FinchMotorControlLoop.o
                0x00002e34                motorControlLoop
 .text.velocityControlStart
                0x00002e4c       0x1c src/FinchMotorControlLoop.o
                0x00002e4c                velocityControlStart
 .text.motorSpeedControl
                0x00002e68       0x54 src/FinchMotorControlLoop.o
                0x00002e68                motorSpeedControl
 .text.controlMotors
                0x00002ebc       0x3c src/FinchMotorControlLoop.o
                0x00002ebc                controlMotors
 .text.tc_callback_OF
                0x00002ef8       0x34 src/FinchEncoders.o
                0x00002ef8                tc_callback_OF
 .text.extint_detection_left_encoder_callback
                0x00002f2c       0x3c src/FinchEncoders.o
                0x00002f2c                extint_detection_left_encoder_callback
 .text.extint_detection_right_encoder_callback
                0x00002f68       0x24 src/FinchEncoders.o
                0x00002f68                extint_detection_right_encoder_callback
 .text.init_timer_callbacks
                0x00002f8c       0x4c src/FinchEncoders.o
                0x00002f8c                init_timer_callbacks
 .text.configure_timer_encoder
                0x00002fd8       0x68 src/FinchEncoders.o
                0x00002fd8                configure_timer_encoder
 .text.configure_extint_left_encoder
                0x00003040       0x30 src/FinchEncoders.o
                0x00003040                configure_extint_left_encoder
 .text.configure_extint_right_encoder
                0x00003070       0x30 src/FinchEncoders.o
                0x00003070                configure_extint_right_encoder
 .text.configure_extint_right_encoder_callbacks
                0x000030a0       0x24 src/FinchEncoders.o
                0x000030a0                configure_extint_right_encoder_callbacks
 .text.configure_extint_left_encoder_callbacks
                0x000030c4       0x24 src/FinchEncoders.o
                0x000030c4                configure_extint_left_encoder_callbacks
 .text.encoder_timer_init
                0x000030e8       0x14 src/FinchEncoders.o
                0x000030e8                encoder_timer_init
 .text.encoders_init
                0x000030fc       0x2c src/FinchEncoders.o
                0x000030fc                encoders_init
 .text.config_timer_waveform
                0x00003128       0xa8 src/FinchMotors.o
                0x00003128                config_timer_waveform
 .text.set_motor_left
                0x000031d0       0x60 src/FinchMotors.o
                0x000031d0                set_motor_left
 .text.set_motor_right
                0x00003230       0x60 src/FinchMotors.o
                0x00003230                set_motor_right
 .text.configure_motors
                0x00003290        0xc src/FinchMotors.o
                0x00003290                configure_motors
 .text.testInit
                0x0000329c       0x34 src/main.o
                0x0000329c                testInit
 .text.main     0x000032d0       0xb8 src/main.o
                0x000032d0                main
 .text          0x00003388      0x114 c:/program files (x86)/atmel/studio/7.0/toolchain/arm/arm-gnu-toolchain/bin/../lib/gcc/arm-none-eabi/6.2.1/thumb/v6-m\libgcc.a(_udivsi3.o)
                0x00003388                __aeabi_uidiv
                0x00003388                __udivsi3
                0x00003494                __aeabi_uidivmod
 .text          0x0000349c      0x1d4 c:/program files (x86)/atmel/studio/7.0/toolchain/arm/arm-gnu-toolchain/bin/../lib/gcc/arm-none-eabi/6.2.1/thumb/v6-m\libgcc.a(_divsi3.o)
                0x0000349c                __divsi3
                0x0000349c                __aeabi_idiv
                0x00003668                __aeabi_idivmod
 .text          0x00003670        0x4 c:/program files (x86)/atmel/studio/7.0/toolchain/arm/arm-gnu-toolchain/bin/../lib/gcc/arm-none-eabi/6.2.1/thumb/v6-m\libgcc.a(_dvmd_tls.o)
                0x00003670                __aeabi_idiv0
                0x00003670                __aeabi_ldiv0
 .text.__libc_init_array
                0x00003674       0x48 c:/program files (x86)/atmel/studio/7.0/toolchain/arm/arm-gnu-toolchain/bin/../lib/gcc/arm-none-eabi/6.2.1/../../../../arm-none-eabi/lib/thumb/v6-m\libc_nano.a(lib_a-init.o)
                0x00003674                __libc_init_array
 .text.memcpy   0x000036bc       0x12 c:/program files (x86)/atmel/studio/7.0/toolchain/arm/arm-gnu-toolchain/bin/../lib/gcc/arm-none-eabi/6.2.1/../../../../arm-none-eabi/lib/thumb/v6-m\libc_nano.a(lib_a-memcpy-stub.o)
                0x000036bc                memcpy
 .text.memset   0x000036ce       0x10 c:/program files (x86)/atmel/studio/7.0/toolchain/arm/arm-gnu-toolchain/bin/../lib/gcc/arm-none-eabi/6.2.1/../../../../arm-none-eabi/lib/thumb/v6-m\libc_nano.a(lib_a-memset.o)
                0x000036ce                memset
 *(.glue_7t)
 .glue_7t       0x000036de        0x0 linker stubs
 *(.glue_7)
 .glue_7        0x000036de        0x0 linker stubs
 *(.rodata .rodata* .gnu.linkonce.r.*)
 *fill*         0x000036de        0x2 
 .rodata.tc_interrupt_vectors.12389
                0x000036e0        0x2 src/Finch2Ultrasound.o
 *fill*         0x000036e2        0x2 
 .rodata        0x000036e4        0xc src/ASF/sam0/drivers/sercom/sercom.o
 .rodata._tcc_intflag
                0x000036f0       0x30 src/ASF/sam0/drivers/tcc/tcc_callback.o
                0x000036f0                _tcc_intflag
 .rodata.SPIDataConertConsArray
                0x00003720        0x4 src/Finch2AddLEDControl.o
                0x00003720                SPIDataConertConsArray
 .rodata.system_clock_source_get_hz
                0x00003724       0x24 src/ASF/sam0/drivers/system/clock/clock_samd09_d10_d11/clock.o
 .rodata.system_clock_source_enable
                0x00003748       0x24 src/ASF/sam0/drivers/system/clock/clock_samd09_d10_d11/clock.o
 .rodata.tc_interrupt_vectors.12389
                0x0000376c        0x2 src/FinchEncoders.o
 *(.ARM.extab* .gnu.linkonce.armextab.*)
                0x00003770                . = ALIGN (0x4)
 *fill*         0x0000376e        0x2 
 *(.init)
 .init          0x00003770        0x4 c:/program files (x86)/atmel/studio/7.0/toolchain/arm/arm-gnu-toolchain/bin/../lib/gcc/arm-none-eabi/6.2.1/thumb/v6-m/crti.o
                0x00003770                _init
 .init          0x00003774        0x8 c:/program files (x86)/atmel/studio/7.0/toolchain/arm/arm-gnu-toolchain/bin/../lib/gcc/arm-none-eabi/6.2.1/thumb/v6-m/crtn.o
                0x0000377c                . = ALIGN (0x4)
                0x0000377c                __preinit_array_start = .
 *(.preinit_array)
                0x0000377c                __preinit_array_end = .
                0x0000377c                . = ALIGN (0x4)
                0x0000377c                __init_array_start = .
 *(SORT(.init_array.*))
 *(.init_array)
 .init_array    0x0000377c        0x4 c:/program files (x86)/atmel/studio/7.0/toolchain/arm/arm-gnu-toolchain/bin/../lib/gcc/arm-none-eabi/6.2.1/thumb/v6-m/crtbegin.o
                0x00003780                __init_array_end = .
                0x00003780                . = ALIGN (0x4)
 *crtbegin.o(.ctors)
 *(EXCLUDE_FILE(*crtend.o) .ctors)
 *(SORT(.ctors.*))
 *crtend.o(.ctors)
                0x00003780                . = ALIGN (0x4)
 *(.fini)
 .fini          0x00003780        0x4 c:/program files (x86)/atmel/studio/7.0/toolchain/arm/arm-gnu-toolchain/bin/../lib/gcc/arm-none-eabi/6.2.1/thumb/v6-m/crti.o
                0x00003780                _fini
 .fini          0x00003784        0x8 c:/program files (x86)/atmel/studio/7.0/toolchain/arm/arm-gnu-toolchain/bin/../lib/gcc/arm-none-eabi/6.2.1/thumb/v6-m/crtn.o
                0x0000378c                . = ALIGN (0x4)
                0x0000378c                __fini_array_start = .
 *(.fini_array)
 .fini_array    0x0000378c        0x4 c:/program files (x86)/atmel/studio/7.0/toolchain/arm/arm-gnu-toolchain/bin/../lib/gcc/arm-none-eabi/6.2.1/thumb/v6-m/crtbegin.o
 *(SORT(.fini_array.*))
                0x00003790                __fini_array_end = .
 *crtbegin.o(.dtors)
 *(EXCLUDE_FILE(*crtend.o) .dtors)
 *(SORT(.dtors.*))
 *crtend.o(.dtors)
                0x00003790                . = ALIGN (0x4)
                0x00003790                _efixed = .
                [!provide]                PROVIDE (__exidx_start, .)

.vfp11_veneer   0x00003790        0x0
 .vfp11_veneer  0x00003790        0x0 linker stubs

.v4_bx          0x00003790        0x0
 .v4_bx         0x00003790        0x0 linker stubs

.iplt           0x00003790        0x0
 .iplt          0x00003790        0x0 c:/program files (x86)/atmel/studio/7.0/toolchain/arm/arm-gnu-toolchain/bin/../lib/gcc/arm-none-eabi/6.2.1/thumb/v6-m/crtbegin.o

.eh_frame       0x00003790        0x0
 .eh_frame      0x00003790        0x0 c:/program files (x86)/atmel/studio/7.0/toolchain/arm/arm-gnu-toolchain/bin/../lib/gcc/arm-none-eabi/6.2.1/thumb/v6-m/crtbegin.o

.rel.dyn        0x00003790        0x0
 .rel.iplt      0x00003790        0x0 c:/program files (x86)/atmel/studio/7.0/toolchain/arm/arm-gnu-toolchain/bin/../lib/gcc/arm-none-eabi/6.2.1/thumb/v6-m/crtbegin.o

.jcr            0x00003790        0x0
 .jcr           0x00003790        0x0 c:/program files (x86)/atmel/studio/7.0/toolchain/arm/arm-gnu-toolchain/bin/../lib/gcc/arm-none-eabi/6.2.1/thumb/v6-m/crtbegin.o

.igot.plt       0x00003790        0x0
 .igot.plt      0x00003790        0x0 c:/program files (x86)/atmel/studio/7.0/toolchain/arm/arm-gnu-toolchain/bin/../lib/gcc/arm-none-eabi/6.2.1/thumb/v6-m/crtbegin.o

.ARM.exidx
 *(.ARM.exidx* .gnu.linkonce.armexidx.*)
                [!provide]                PROVIDE (__exidx_end, .)
                0x00003790                . = ALIGN (0x4)
                0x00003790                _etext = .

.relocate       0x20000000       0x18 load address 0x00003790
                0x20000000                . = ALIGN (0x4)
                0x20000000                _srelocate = .
 *(.ramfunc .ramfunc.*)
 *(.data .data.*)
 .data.cycles_per_ms
                0x20000000        0x4 src/ASF/common2/services/delay/sam0/systick_counter.o
 .data.cycles_per_us
                0x20000004        0x4 src/ASF/common2/services/delay/sam0/systick_counter.o
 .data._dma_inst
                0x20000008        0xc src/ASF/sam0/drivers/dma/dma.o
                0x20000008                _dma_inst
 .data.counter.12846
                0x20000014        0x1 src/Finch2AddLEDControl.o
 .data.g_interrupt_enabled
                0x20000015        0x1 src/ASF/common/utils/interrupt/interrupt_sam_nvic.o
                0x20000015                g_interrupt_enabled
                0x20000018                . = ALIGN (0x4)
 *fill*         0x20000016        0x2 
                0x20000018                _erelocate = .

.bss            0x20000020      0x8cc load address 0x000037b0
                0x20000020                . = ALIGN (0x4)
                0x20000020                _sbss = .
                0x20000020                _szero = .
 *(.bss .bss.*)
 .bss           0x20000020       0x1c c:/program files (x86)/atmel/studio/7.0/toolchain/arm/arm-gnu-toolchain/bin/../lib/gcc/arm-none-eabi/6.2.1/thumb/v6-m/crtbegin.o
 .bss.filteredValue.12824
                0x2000003c        0x2 src/Finch2ReadSensors.o
 .bss.firstTime.12826
                0x2000003e        0x1 src/Finch2ReadSensors.o
 .bss.sensorUpdateCount.12832
                0x2000003f        0x1 src/Finch2ReadSensors.o
 .bss.thresholdMissCount.12825
                0x20000040        0x1 src/Finch2ReadSensors.o
 .bss.head_pointer
                0x20000041        0x1 src/Finch2SPISave.o
                0x20000041                head_pointer
 .bss.init.12851
                0x20000042        0x1 src/Finch2SPISave.o
 .bss.tail_pointer
                0x20000043        0x1 src/Finch2SPISave.o
                0x20000043                tail_pointer
 .bss.distance_16b
                0x20000044        0x4 src/Finch2Ultrasound.o
 .bss.distance_ultrasound.12838
                0x20000048        0x2 src/Finch2Ultrasound.o
 .bss.readyDistance
                0x2000004a        0x1 src/Finch2Ultrasound.o
 *fill*         0x2000004b        0x1 
 .bss.rising_edge.12834
                0x2000004c        0x2 src/Finch2Ultrasound.o
 .bss.ultrasoundUpdateCheck
                0x2000004e        0x1 src/Finch2Ultrasound.o
 *fill*         0x2000004f        0x1 
 .bss.LEDColor  0x20000050        0x9 src/Finch2SPISlaveControl.o
 *fill*         0x20000059        0x3 
 .bss.leftMotor
                0x2000005c        0x4 src/Finch2SPISlaveControl.o
 .bss.rightMotor
                0x20000060        0x4 src/Finch2SPISlaveControl.o
 .bss._dma_active_resource
                0x20000064       0x14 src/ASF/sam0/drivers/dma/dma.o
 *fill*         0x20000078        0x8 
 .bss._write_back_section
                0x20000080       0x50 src/ASF/sam0/drivers/dma/dma.o
 .bss.g_chan_interrupt_flag
                0x200000d0        0x5 src/ASF/sam0/drivers/dma/dma.o
                0x200000d0                g_chan_interrupt_flag
 *fill*         0x200000d5        0x3 
 .bss._sercom_config
                0x200000d8        0x2 src/ASF/sam0/drivers/sercom/sercom.o
 .bss._handler_table_initialized
                0x200000da        0x1 src/ASF/sam0/drivers/sercom/sercom_interrupt.o
 *fill*         0x200000db        0x1 
 .bss._sercom_interrupt_handlers
                0x200000dc        0xc src/ASF/sam0/drivers/sercom/sercom_interrupt.o
 .bss.buffer_length.12889
                0x200000e8        0x1 src/ASF/sam0/drivers/sercom/spi/spi_interrupt.o
 *fill*         0x200000e9        0x3 
 .bss.SPIData.12826
                0x200000ec        0xc src/Finch2AddLEDControl.o
 .bss.colorLED.12884
                0x200000f8        0x9 src/Finch2AddLEDControl.o
 .bss.transferOngoing.12844
                0x20000101        0x1 src/Finch2AddLEDControl.o
 *fill*         0x20000102        0x2 
 .bss.cpu_irq_critical_section_counter
                0x20000104        0x4 src/ASF/common/utils/interrupt/interrupt_sam_nvic.o
 .bss.cpu_irq_prev_interrupt_state
                0x20000108        0x1 src/ASF/common/utils/interrupt/interrupt_sam_nvic.o
 *fill*         0x20000109        0x3 
 .bss._system_clock_inst
                0x2000010c       0x18 src/ASF/sam0/drivers/system/clock/clock_samd09_d10_d11/clock.o
 .bss.count_power_button.12868
                0x20000124        0x2 src/Finch2PowerButton.o
 .bss.power_button_value_off.12869
                0x20000126        0x1 src/Finch2PowerButton.o
 *fill*         0x20000127        0x1 
 .bss.testColor.12861
                0x20000128        0x9 src/Finch2PowerButton.o
 *fill*         0x20000131        0x3 
 .bss.GLeftMotor
                0x20000134        0x4 src/FinchMotorControlLoop.o
 .bss.GRightMotor
                0x20000138        0x4 src/FinchMotorControlLoop.o
 .bss.motorControlStatus
                0x2000013c        0x1 src/FinchMotorControlLoop.o
 *fill*         0x2000013d        0x1 
 .bss.prevCount
                0x2000013e        0x2 src/FinchMotorControlLoop.o
                0x2000013e                prevCount
 .bss.sumOfErrors.12892
                0x20000140        0x4 src/FinchMotorControlLoop.o
 .bss.countThreshold.12836
                0x20000144        0x1 src/FinchEncoders.o
 .bss.old_left_dir.12823
                0x20000145        0x1 src/FinchMotors.o
 .bss.old_left_speed.12824
                0x20000146        0x1 src/FinchMotors.o
 .bss.old_right_dir.12829
                0x20000147        0x1 src/FinchMotors.o
 .bss.old_right_speed.12830
                0x20000148        0x1 src/FinchMotors.o
 *fill*         0x20000149        0x3 
 .bss.tcc_instance0
                0x2000014c       0x40 src/FinchMotors.o
 .bss.LEDSPITimerUpdate
                0x2000018c        0x1 src/main.o
                0x2000018c                LEDSPITimerUpdate
 .bss.LEDSPIUpdate
                0x2000018d        0x1 src/main.o
                0x2000018d                LEDSPIUpdate
 .bss.gleftTicks
                0x2000018e        0x2 src/main.o
                0x2000018e                gleftTicks
 .bss.kSpeed    0x20000190        0x1 src/main.o
                0x20000190                kSpeed
 *fill*         0x20000191        0x1 
 .bss.kdTerm    0x20000192        0x2 src/main.o
                0x20000192                kdTerm
 .bss.kiTerm    0x20000194        0x2 src/main.o
                0x20000194                kiTerm
 .bss.kpTerm    0x20000196        0x2 src/main.o
                0x20000196                kpTerm
 .bss.leftMotor.12933
                0x20000198        0x4 src/main.o
 .bss.left_encoder_ticks
                0x2000019c        0x2 src/main.o
                0x2000019c                left_encoder_ticks
 .bss.motorSPITimerUpdate
                0x2000019e        0x1 src/main.o
                0x2000019e                motorSPITimerUpdate
 .bss.motorSPIUpdate
                0x2000019f        0x1 src/main.o
                0x2000019f                motorSPIUpdate
 .bss.powerButtonCheck
                0x200001a0        0x1 src/main.o
                0x200001a0                powerButtonCheck
 .bss.refreshTicks
                0x200001a1        0x1 src/main.o
                0x200001a1                refreshTicks
 *fill*         0x200001a2        0x2 
 .bss.rightMotor.12934
                0x200001a4        0x4 src/main.o
 .bss.right_encoder_ticks
                0x200001a8        0x2 src/main.o
                0x200001a8                right_encoder_ticks
 .bss.serial_timeout
                0x200001aa        0x1 src/main.o
                0x200001aa                serial_timeout
 .bss.serial_timeout_count
                0x200001ab        0x1 src/main.o
                0x200001ab                serial_timeout_count
 .bss.spi_reset_1
                0x200001ac        0x1 src/main.o
                0x200001ac                spi_reset_1
 .bss.transcation_start
                0x200001ad        0x1 src/main.o
                0x200001ad                transcation_start
 .bss.transferDone
                0x200001ae        0x1 src/main.o
                0x200001ae                transferDone
 .bss.transfer_complete_spi_slave
                0x200001af        0x1 src/main.o
                0x200001af                transfer_complete_spi_slave
 .bss.velocityControlUpdate
                0x200001b0        0x1 src/main.o
                0x200001b0                velocityControlUpdate
 *(COMMON)
 *fill*         0x200001b1        0x3 
 COMMON         0x200001b4      0x104 src/Finch2SPISave.o
                0x200001b4                spi_slave_instance
                0x200001f0                ring_buffer
 COMMON         0x200002b8       0x1c src/Finch2Ultrasound.o
                0x200002b8                tc_instance2
 COMMON         0x200002d4        0x4 src/ASF/sam0/drivers/adc/adc_sam_d_r_h/adc_callback.o
                0x200002d4                _adc_instances
 *fill*         0x200002d8        0x8 
 COMMON         0x200002e0       0x50 src/ASF/sam0/drivers/dma/dma.o
                0x200002e0                descriptor_section
 COMMON         0x20000330        0x1 src/ASF/sam0/drivers/extint/extint_callback.o
                0x20000330                _current_channel
 *fill*         0x20000331        0x3 
 COMMON         0x20000334       0x40 src/ASF/sam0/drivers/extint/extint_sam_d_r_h/extint.o
                0x20000334                _extint_dev
 COMMON         0x20000374        0xc src/ASF/sam0/drivers/sercom/sercom_interrupt.o
                0x20000374                _sercom_instances
 COMMON         0x20000380        0x4 src/ASF/sam0/drivers/tcc/tcc_callback.o
                0x20000380                _tcc_instances
 COMMON         0x20000384        0x8 src/ASF/sam0/drivers/tc/tc_interrupt.o
                0x20000384                _tc_instances
 COMMON         0x2000038c       0x1c src/Finch2AddLEDControl.o
                0x2000038c                example_resource
 *fill*         0x200003a8        0x8 
 COMMON         0x200003b0       0x4c src/Finch2AddLED.o
                0x200003b0                example_descriptor
                0x200003c0                spi_master_instance
 COMMON         0x200003fc      0x404 src/FinchMotorControlLoop.o
                0x200003fc                speed_storage
                0x200007e4                tc_encoder_capture
 COMMON         0x20000800       0xec src/main.o
                0x20000800                DMASourceRegister
                0x2000089c                received_value
                0x200008b0                sensor_outputs
                0x200008c4                temp_receive
                0x200008d8                transmit_value
                0x200008ec                . = ALIGN (0x4)
                0x200008ec                _ebss = .
                0x200008ec                _ezero = .

.stack          0x200008ec      0x404 load address 0x0000407c
                0x200008f0                . = ALIGN (0x8)
 *fill*         0x200008ec        0x4 
                0x200008f0                _sstack = .
                0x20000cf0                . = (. + STACK_SIZE)
 *fill*         0x200008f0      0x400 
                0x20000cf0                . = ALIGN (0x8)
                0x20000cf0                _estack = .
                0x20000cf0                . = ALIGN (0x4)
                0x20000cf0                _end = .
OUTPUT(Finch2V32.elf elf32-littlearm)

.ARM.attributes
                0x00000000       0x28
 .ARM.attributes
                0x00000000       0x1e c:/program files (x86)/atmel/studio/7.0/toolchain/arm/arm-gnu-toolchain/bin/../lib/gcc/arm-none-eabi/6.2.1/thumb/v6-m/crti.o
 .ARM.attributes
                0x0000001e       0x2c c:/program files (x86)/atmel/studio/7.0/toolchain/arm/arm-gnu-toolchain/bin/../lib/gcc/arm-none-eabi/6.2.1/thumb/v6-m/crtbegin.o
 .ARM.attributes
                0x0000004a       0x32 src/Finch2InterruptHandler.o
 .ARM.attributes
                0x0000007c       0x32 src/Finch2ReadSensors.o
 .ARM.attributes
                0x000000ae       0x32 src/Finch2SPISave.o
 .ARM.attributes
                0x000000e0       0x32 src/Finch2Ultrasound.o
 .ARM.attributes
                0x00000112       0x32 src/Finch2SPISlaveControl.o
 .ARM.attributes
                0x00000144       0x32 src/ASF/common2/services/delay/sam0/systick_counter.o
 .ARM.attributes
                0x00000176       0x32 src/ASF/sam0/drivers/adc/adc_sam_d_r_h/adc_callback.o
 .ARM.attributes
                0x000001a8       0x32 src/ASF/sam0/drivers/dma/dma.o
 .ARM.attributes
                0x000001da       0x32 src/ASF/sam0/drivers/extint/extint_callback.o
 .ARM.attributes
                0x0000020c       0x32 src/ASF/sam0/drivers/extint/extint_sam_d_r_h/extint.o
 .ARM.attributes
                0x0000023e       0x32 src/ASF/sam0/drivers/port/port.o
 .ARM.attributes
                0x00000270       0x32 src/ASF/sam0/drivers/sercom/sercom.o
 .ARM.attributes
                0x000002a2       0x32 src/ASF/sam0/drivers/sercom/sercom_interrupt.o
 .ARM.attributes
                0x000002d4       0x32 src/ASF/sam0/drivers/sercom/spi/spi.o
 .ARM.attributes
                0x00000306       0x32 src/ASF/sam0/drivers/sercom/spi/spi_interrupt.o
 .ARM.attributes
                0x00000338       0x32 src/ASF/sam0/drivers/tcc/tcc.o
 .ARM.attributes
                0x0000036a       0x32 src/ASF/sam0/drivers/tcc/tcc_callback.o
 .ARM.attributes
                0x0000039c       0x32 src/ASF/sam0/drivers/tc/tc_interrupt.o
 .ARM.attributes
                0x000003ce       0x32 src/ASF/sam0/drivers/tc/tc_sam_d_r_h/tc.o
 .ARM.attributes
                0x00000400       0x32 src/Finch2AddLEDControl.o
 .ARM.attributes
                0x00000432       0x32 src/ASF/common2/boards/user_board/init.o
 .ARM.attributes
                0x00000464       0x32 src/ASF/common/utils/interrupt/interrupt_sam_nvic.o
 .ARM.attributes
                0x00000496       0x32 src/ASF/sam0/drivers/system/clock/clock_samd09_d10_d11/clock.o
 .ARM.attributes
                0x000004c8       0x32 src/ASF/sam0/drivers/system/clock/clock_samd09_d10_d11/gclk.o
 .ARM.attributes
                0x000004fa       0x32 src/ASF/sam0/drivers/system/pinmux/pinmux.o
 .ARM.attributes
                0x0000052c       0x32 src/ASF/sam0/drivers/system/system.o
 .ARM.attributes
                0x0000055e       0x32 src/ASF/sam0/utils/cmsis/samd10/source/gcc/startup_samd10.o
 .ARM.attributes
                0x00000590       0x32 src/Finch2AddLED.o
 .ARM.attributes
                0x000005c2       0x32 src/Finch2PowerButton.o
 .ARM.attributes
                0x000005f4       0x32 src/FinchMotorControlLoop.o
 .ARM.attributes
                0x00000626       0x32 src/FinchEncoders.o
 .ARM.attributes
                0x00000658       0x32 src/FinchMotors.o
 .ARM.attributes
                0x0000068a       0x32 src/main.o
 .ARM.attributes
                0x000006bc       0x1e c:/program files (x86)/atmel/studio/7.0/toolchain/arm/arm-gnu-toolchain/bin/../lib/gcc/arm-none-eabi/6.2.1/thumb/v6-m\libgcc.a(_udivsi3.o)
 .ARM.attributes
                0x000006da       0x1e c:/program files (x86)/atmel/studio/7.0/toolchain/arm/arm-gnu-toolchain/bin/../lib/gcc/arm-none-eabi/6.2.1/thumb/v6-m\libgcc.a(_divsi3.o)
 .ARM.attributes
                0x000006f8       0x1e c:/program files (x86)/atmel/studio/7.0/toolchain/arm/arm-gnu-toolchain/bin/../lib/gcc/arm-none-eabi/6.2.1/thumb/v6-m\libgcc.a(_dvmd_tls.o)
 .ARM.attributes
                0x00000716       0x2c c:/program files (x86)/atmel/studio/7.0/toolchain/arm/arm-gnu-toolchain/bin/../lib/gcc/arm-none-eabi/6.2.1/../../../../arm-none-eabi/lib/thumb/v6-m\libc_nano.a(lib_a-init.o)
 .ARM.attributes
                0x00000742       0x2c c:/program files (x86)/atmel/studio/7.0/toolchain/arm/arm-gnu-toolchain/bin/../lib/gcc/arm-none-eabi/6.2.1/../../../../arm-none-eabi/lib/thumb/v6-m\libc_nano.a(lib_a-memcpy-stub.o)
 .ARM.attributes
                0x0000076e       0x2c c:/program files (x86)/atmel/studio/7.0/toolchain/arm/arm-gnu-toolchain/bin/../lib/gcc/arm-none-eabi/6.2.1/../../../../arm-none-eabi/lib/thumb/v6-m\libc_nano.a(lib_a-memset.o)
 .ARM.attributes
                0x0000079a       0x1e c:/program files (x86)/atmel/studio/7.0/toolchain/arm/arm-gnu-toolchain/bin/../lib/gcc/arm-none-eabi/6.2.1/thumb/v6-m/crtn.o

.comment        0x00000000       0x59
 .comment       0x00000000       0x59 src/Finch2InterruptHandler.o
                                 0x5a (size before relaxing)
 .comment       0x00000059       0x5a src/Finch2ReadSensors.o
 .comment       0x00000059       0x5a src/Finch2SPISave.o
 .comment       0x00000059       0x5a src/Finch2Ultrasound.o
 .comment       0x00000059       0x5a src/Finch2SPISlaveControl.o
 .comment       0x00000059       0x5a src/ASF/common2/services/delay/sam0/systick_counter.o
 .comment       0x00000059       0x5a src/ASF/sam0/drivers/adc/adc_sam_d_r_h/adc_callback.o
 .comment       0x00000059       0x5a src/ASF/sam0/drivers/dma/dma.o
 .comment       0x00000059       0x5a src/ASF/sam0/drivers/extint/extint_callback.o
 .comment       0x00000059       0x5a src/ASF/sam0/drivers/extint/extint_sam_d_r_h/extint.o
 .comment       0x00000059       0x5a src/ASF/sam0/drivers/port/port.o
 .comment       0x00000059       0x5a src/ASF/sam0/drivers/sercom/sercom.o
 .comment       0x00000059       0x5a src/ASF/sam0/drivers/sercom/sercom_interrupt.o
 .comment       0x00000059       0x5a src/ASF/sam0/drivers/sercom/spi/spi.o
 .comment       0x00000059       0x5a src/ASF/sam0/drivers/sercom/spi/spi_interrupt.o
 .comment       0x00000059       0x5a src/ASF/sam0/drivers/tcc/tcc.o
 .comment       0x00000059       0x5a src/ASF/sam0/drivers/tcc/tcc_callback.o
 .comment       0x00000059       0x5a src/ASF/sam0/drivers/tc/tc_interrupt.o
 .comment       0x00000059       0x5a src/ASF/sam0/drivers/tc/tc_sam_d_r_h/tc.o
 .comment       0x00000059       0x5a src/Finch2AddLEDControl.o
 .comment       0x00000059       0x5a src/ASF/common2/boards/user_board/init.o
 .comment       0x00000059       0x5a src/ASF/common/utils/interrupt/interrupt_sam_nvic.o
 .comment       0x00000059       0x5a src/ASF/sam0/drivers/system/clock/clock_samd09_d10_d11/clock.o
 .comment       0x00000059       0x5a src/ASF/sam0/drivers/system/clock/clock_samd09_d10_d11/gclk.o
 .comment       0x00000059       0x5a src/ASF/sam0/drivers/system/pinmux/pinmux.o
 .comment       0x00000059       0x5a src/ASF/sam0/drivers/system/system.o
 .comment       0x00000059       0x5a src/ASF/sam0/utils/cmsis/samd10/source/gcc/startup_samd10.o
 .comment       0x00000059       0x5a src/Finch2AddLED.o
 .comment       0x00000059       0x5a src/Finch2PowerButton.o
 .comment       0x00000059       0x5a src/FinchMotorControlLoop.o
 .comment       0x00000059       0x5a src/FinchEncoders.o
 .comment       0x00000059       0x5a src/FinchMotors.o
 .comment       0x00000059       0x5a src/main.o

.debug_info     0x00000000    0x61453
 .debug_info    0x00000000     0x1df7 src/Finch2InterruptHandler.o
 .debug_info    0x00001df7     0x1a88 src/Finch2ReadSensors.o
 .debug_info    0x0000387f     0x4494 src/Finch2SPISave.o
 .debug_info    0x00007d13     0x3d7e src/Finch2Ultrasound.o
 .debug_info    0x0000ba91     0x3edb src/Finch2SPISlaveControl.o
 .debug_info    0x0000f96c      0xb81 src/ASF/common2/services/delay/sam0/systick_counter.o
 .debug_info    0x000104ed     0x1bbe src/ASF/sam0/drivers/adc/adc_sam_d_r_h/adc_callback.o
 .debug_info    0x000120ab     0x32d9 src/ASF/sam0/drivers/dma/dma.o
 .debug_info    0x00015384     0x274c src/ASF/sam0/drivers/extint/extint_callback.o
 .debug_info    0x00017ad0     0x275c src/ASF/sam0/drivers/extint/extint_sam_d_r_h/extint.o
 .debug_info    0x0001a22c     0x12ac src/ASF/sam0/drivers/port/port.o
 .debug_info    0x0001b4d8     0x2d8a src/ASF/sam0/drivers/sercom/sercom.o
 .debug_info    0x0001e262     0x2af8 src/ASF/sam0/drivers/sercom/sercom_interrupt.o
 .debug_info    0x00020d5a     0x68ea src/ASF/sam0/drivers/sercom/spi/spi.o
 .debug_info    0x00027644     0x3fb0 src/ASF/sam0/drivers/sercom/spi/spi_interrupt.o
 .debug_info    0x0002b5f4     0x4b74 src/ASF/sam0/drivers/tcc/tcc.o
 .debug_info    0x00030168     0x302b src/ASF/sam0/drivers/tcc/tcc_callback.o
 .debug_info    0x00033193     0x1ae9 src/ASF/sam0/drivers/tc/tc_interrupt.o
 .debug_info    0x00034c7c     0x2eb9 src/ASF/sam0/drivers/tc/tc_sam_d_r_h/tc.o
 .debug_info    0x00037b35     0x1f7b src/Finch2AddLEDControl.o
 .debug_info    0x00039ab0     0x193a src/ASF/common2/boards/user_board/init.o
 .debug_info    0x0003b3ea      0xafb src/ASF/common/utils/interrupt/interrupt_sam_nvic.o
 .debug_info    0x0003bee5     0x38f7 src/ASF/sam0/drivers/system/clock/clock_samd09_d10_d11/clock.o
 .debug_info    0x0003f7dc     0x1e47 src/ASF/sam0/drivers/system/clock/clock_samd09_d10_d11/gclk.o
 .debug_info    0x00041623     0x13ea src/ASF/sam0/drivers/system/pinmux/pinmux.o
 .debug_info    0x00042a0d      0xa67 src/ASF/sam0/drivers/system/system.o
 .debug_info    0x00043474     0x3ca3 src/ASF/sam0/utils/cmsis/samd10/source/gcc/startup_samd10.o
 .debug_info    0x00047117     0x47e4 src/Finch2AddLED.o
 .debug_info    0x0004b8fb     0x558e src/Finch2PowerButton.o
 .debug_info    0x00050e89     0x2d7f src/FinchMotorControlLoop.o
 .debug_info    0x00053c08     0x3c2b src/FinchEncoders.o
 .debug_info    0x00057833     0x441c src/FinchMotors.o
 .debug_info    0x0005bc4f     0x5804 src/main.o

.debug_abbrev   0x00000000     0x72ca
 .debug_abbrev  0x00000000      0x28a src/Finch2InterruptHandler.o
 .debug_abbrev  0x0000028a      0x28b src/Finch2ReadSensors.o
 .debug_abbrev  0x00000515      0x3d6 src/Finch2SPISave.o
 .debug_abbrev  0x000008eb      0x42e src/Finch2Ultrasound.o
 .debug_abbrev  0x00000d19      0x321 src/Finch2SPISlaveControl.o
 .debug_abbrev  0x0000103a      0x24b src/ASF/common2/services/delay/sam0/systick_counter.o
 .debug_abbrev  0x00001285      0x3b8 src/ASF/sam0/drivers/adc/adc_sam_d_r_h/adc_callback.o
 .debug_abbrev  0x0000163d      0x4a9 src/ASF/sam0/drivers/dma/dma.o
 .debug_abbrev  0x00001ae6      0x35c src/ASF/sam0/drivers/extint/extint_callback.o
 .debug_abbrev  0x00001e42      0x4a7 src/ASF/sam0/drivers/extint/extint_sam_d_r_h/extint.o
 .debug_abbrev  0x000022e9      0x298 src/ASF/sam0/drivers/port/port.o
 .debug_abbrev  0x00002581      0x378 src/ASF/sam0/drivers/sercom/sercom.o
 .debug_abbrev  0x000028f9      0x2da src/ASF/sam0/drivers/sercom/sercom_interrupt.o
 .debug_abbrev  0x00002bd3      0x51f src/ASF/sam0/drivers/sercom/spi/spi.o
 .debug_abbrev  0x000030f2      0x3b8 src/ASF/sam0/drivers/sercom/spi/spi_interrupt.o
 .debug_abbrev  0x000034aa      0x49b src/ASF/sam0/drivers/tcc/tcc.o
 .debug_abbrev  0x00003945      0x389 src/ASF/sam0/drivers/tcc/tcc_callback.o
 .debug_abbrev  0x00003cce      0x2ff src/ASF/sam0/drivers/tc/tc_interrupt.o
 .debug_abbrev  0x00003fcd      0x44f src/ASF/sam0/drivers/tc/tc_sam_d_r_h/tc.o
 .debug_abbrev  0x0000441c      0x31d src/Finch2AddLEDControl.o
 .debug_abbrev  0x00004739      0x21e src/ASF/common2/boards/user_board/init.o
 .debug_abbrev  0x00004957      0x22c src/ASF/common/utils/interrupt/interrupt_sam_nvic.o
 .debug_abbrev  0x00004b83      0x493 src/ASF/sam0/drivers/system/clock/clock_samd09_d10_d11/clock.o
 .debug_abbrev  0x00005016      0x3f1 src/ASF/sam0/drivers/system/clock/clock_samd09_d10_d11/gclk.o
 .debug_abbrev  0x00005407      0x36e src/ASF/sam0/drivers/system/pinmux/pinmux.o
 .debug_abbrev  0x00005775      0x1e1 src/ASF/sam0/drivers/system/system.o
 .debug_abbrev  0x00005956      0x350 src/ASF/sam0/utils/cmsis/samd10/source/gcc/startup_samd10.o
 .debug_abbrev  0x00005ca6      0x41f src/Finch2AddLED.o
 .debug_abbrev  0x000060c5      0x3e5 src/Finch2PowerButton.o
 .debug_abbrev  0x000064aa      0x37a src/FinchMotorControlLoop.o
 .debug_abbrev  0x00006824      0x40b src/FinchEncoders.o
 .debug_abbrev  0x00006c2f      0x33b src/FinchMotors.o
 .debug_abbrev  0x00006f6a      0x360 src/main.o

.debug_loc      0x00000000     0xa537
 .debug_loc     0x00000000      0x20c src/Finch2InterruptHandler.o
 .debug_loc     0x0000020c       0xa4 src/Finch2ReadSensors.o
 .debug_loc     0x000002b0      0x2e5 src/Finch2SPISave.o
 .debug_loc     0x00000595      0x301 src/Finch2Ultrasound.o
 .debug_loc     0x00000896      0x202 src/Finch2SPISlaveControl.o
 .debug_loc     0x00000a98       0xe4 src/ASF/common2/services/delay/sam0/systick_counter.o
 .debug_loc     0x00000b7c      0x34a src/ASF/sam0/drivers/adc/adc_sam_d_r_h/adc_callback.o
 .debug_loc     0x00000ec6      0x53a src/ASF/sam0/drivers/dma/dma.o
 .debug_loc     0x00001400      0x2ac src/ASF/sam0/drivers/extint/extint_callback.o
 .debug_loc     0x000016ac      0x43d src/ASF/sam0/drivers/extint/extint_sam_d_r_h/extint.o
 .debug_loc     0x00001ae9      0x13d src/ASF/sam0/drivers/port/port.o
 .debug_loc     0x00001c26      0x893 src/ASF/sam0/drivers/sercom/sercom.o
 .debug_loc     0x000024b9      0x139 src/ASF/sam0/drivers/sercom/sercom_interrupt.o
 .debug_loc     0x000025f2     0x2a76 src/ASF/sam0/drivers/sercom/spi/spi.o
 .debug_loc     0x00005068      0x5c4 src/ASF/sam0/drivers/sercom/spi/spi_interrupt.o
 .debug_loc     0x0000562c     0x12f8 src/ASF/sam0/drivers/tcc/tcc.o
 .debug_loc     0x00006924      0x205 src/ASF/sam0/drivers/tcc/tcc_callback.o
 .debug_loc     0x00006b29      0x168 src/ASF/sam0/drivers/tc/tc_interrupt.o
 .debug_loc     0x00006c91      0xdb9 src/ASF/sam0/drivers/tc/tc_sam_d_r_h/tc.o
 .debug_loc     0x00007a4a      0x2d9 src/Finch2AddLEDControl.o
 .debug_loc     0x00007d23      0xfca src/ASF/sam0/drivers/system/clock/clock_samd09_d10_d11/clock.o
 .debug_loc     0x00008ced      0x504 src/ASF/sam0/drivers/system/clock/clock_samd09_d10_d11/gclk.o
 .debug_loc     0x000091f1      0x36d src/ASF/sam0/drivers/system/pinmux/pinmux.o
 .debug_loc     0x0000955e       0x20 src/ASF/sam0/drivers/system/system.o
 .debug_loc     0x0000957e       0xdc src/ASF/sam0/utils/cmsis/samd10/source/gcc/startup_samd10.o
 .debug_loc     0x0000965a      0x228 src/Finch2AddLED.o
 .debug_loc     0x00009882      0x383 src/Finch2PowerButton.o
 .debug_loc     0x00009c05      0x2e2 src/FinchMotorControlLoop.o
 .debug_loc     0x00009ee7      0x21d src/FinchEncoders.o
 .debug_loc     0x0000a104      0x1c0 src/FinchMotors.o
 .debug_loc     0x0000a2c4      0x273 src/main.o

.debug_aranges  0x00000000      0x9a8
 .debug_aranges
                0x00000000       0x20 src/Finch2InterruptHandler.o
 .debug_aranges
                0x00000020       0x28 src/Finch2ReadSensors.o
 .debug_aranges
                0x00000048       0x48 src/Finch2SPISave.o
 .debug_aranges
                0x00000090       0x80 src/Finch2Ultrasound.o
 .debug_aranges
                0x00000110       0x40 src/Finch2SPISlaveControl.o
 .debug_aranges
                0x00000150       0x30 src/ASF/common2/services/delay/sam0/systick_counter.o
 .debug_aranges
                0x00000180       0x48 src/ASF/sam0/drivers/adc/adc_sam_d_r_h/adc_callback.o
 .debug_aranges
                0x000001c8       0x68 src/ASF/sam0/drivers/dma/dma.o
 .debug_aranges
                0x00000230       0x48 src/ASF/sam0/drivers/extint/extint_callback.o
 .debug_aranges
                0x00000278       0x50 src/ASF/sam0/drivers/extint/extint_sam_d_r_h/extint.o
 .debug_aranges
                0x000002c8       0x28 src/ASF/sam0/drivers/port/port.o
 .debug_aranges
                0x000002f0       0x48 src/ASF/sam0/drivers/sercom/sercom.o
 .debug_aranges
                0x00000338       0x48 src/ASF/sam0/drivers/sercom/sercom_interrupt.o
 .debug_aranges
                0x00000380       0x58 src/ASF/sam0/drivers/sercom/spi/spi.o
 .debug_aranges
                0x000003d8       0x50 src/ASF/sam0/drivers/sercom/spi/spi_interrupt.o
 .debug_aranges
                0x00000428       0xb0 src/ASF/sam0/drivers/tcc/tcc.o
 .debug_aranges
                0x000004d8       0x48 src/ASF/sam0/drivers/tcc/tcc_callback.o
 .debug_aranges
                0x00000520       0x40 src/ASF/sam0/drivers/tc/tc_interrupt.o
 .debug_aranges
                0x00000560       0x58 src/ASF/sam0/drivers/tc/tc_sam_d_r_h/tc.o
 .debug_aranges
                0x000005b8       0x38 src/Finch2AddLEDControl.o
 .debug_aranges
                0x000005f0       0x20 src/ASF/common2/boards/user_board/init.o
 .debug_aranges
                0x00000610       0x28 src/ASF/common/utils/interrupt/interrupt_sam_nvic.o
 .debug_aranges
                0x00000638       0x78 src/ASF/sam0/drivers/system/clock/clock_samd09_d10_d11/clock.o
 .debug_aranges
                0x000006b0       0x80 src/ASF/sam0/drivers/system/clock/clock_samd09_d10_d11/gclk.o
 .debug_aranges
                0x00000730       0x40 src/ASF/sam0/drivers/system/pinmux/pinmux.o
 .debug_aranges
                0x00000770       0x28 src/ASF/sam0/drivers/system/system.o
 .debug_aranges
                0x00000798       0x28 src/ASF/sam0/utils/cmsis/samd10/source/gcc/startup_samd10.o
 .debug_aranges
                0x000007c0       0x48 src/Finch2AddLED.o
 .debug_aranges
                0x00000808       0x60 src/Finch2PowerButton.o
 .debug_aranges
                0x00000868       0x58 src/FinchMotorControlLoop.o
 .debug_aranges
                0x000008c0       0x70 src/FinchEncoders.o
 .debug_aranges
                0x00000930       0x40 src/FinchMotors.o
 .debug_aranges
                0x00000970       0x38 src/main.o

.debug_ranges   0x00000000      0xda0
 .debug_ranges  0x00000000       0x10 src/Finch2InterruptHandler.o
 .debug_ranges  0x00000010       0x18 src/Finch2ReadSensors.o
 .debug_ranges  0x00000028       0x38 src/Finch2SPISave.o
 .debug_ranges  0x00000060       0x70 src/Finch2Ultrasound.o
 .debug_ranges  0x000000d0       0x30 src/Finch2SPISlaveControl.o
 .debug_ranges  0x00000100       0x50 src/ASF/common2/services/delay/sam0/systick_counter.o
 .debug_ranges  0x00000150       0x50 src/ASF/sam0/drivers/adc/adc_sam_d_r_h/adc_callback.o
 .debug_ranges  0x000001a0       0x88 src/ASF/sam0/drivers/dma/dma.o
 .debug_ranges  0x00000228       0x90 src/ASF/sam0/drivers/extint/extint_callback.o
 .debug_ranges  0x000002b8       0x40 src/ASF/sam0/drivers/extint/extint_sam_d_r_h/extint.o
 .debug_ranges  0x000002f8       0x18 src/ASF/sam0/drivers/port/port.o
 .debug_ranges  0x00000310       0x58 src/ASF/sam0/drivers/sercom/sercom.o
 .debug_ranges  0x00000368       0x38 src/ASF/sam0/drivers/sercom/sercom_interrupt.o
 .debug_ranges  0x000003a0      0x438 src/ASF/sam0/drivers/sercom/spi/spi.o
 .debug_ranges  0x000007d8       0x88 src/ASF/sam0/drivers/sercom/spi/spi_interrupt.o
 .debug_ranges  0x00000860      0x118 src/ASF/sam0/drivers/tcc/tcc.o
 .debug_ranges  0x00000978       0x38 src/ASF/sam0/drivers/tcc/tcc_callback.o
 .debug_ranges  0x000009b0       0x30 src/ASF/sam0/drivers/tc/tc_interrupt.o
 .debug_ranges  0x000009e0       0x98 src/ASF/sam0/drivers/tc/tc_sam_d_r_h/tc.o
 .debug_ranges  0x00000a78       0x28 src/Finch2AddLEDControl.o
 .debug_ranges  0x00000aa0       0x10 src/ASF/common2/boards/user_board/init.o
 .debug_ranges  0x00000ab0       0x18 src/ASF/common/utils/interrupt/interrupt_sam_nvic.o
 .debug_ranges  0x00000ac8       0x68 src/ASF/sam0/drivers/system/clock/clock_samd09_d10_d11/clock.o
 .debug_ranges  0x00000b30       0x88 src/ASF/sam0/drivers/system/clock/clock_samd09_d10_d11/gclk.o
 .debug_ranges  0x00000bb8       0x30 src/ASF/sam0/drivers/system/pinmux/pinmux.o
 .debug_ranges  0x00000be8       0x18 src/ASF/sam0/drivers/system/system.o
 .debug_ranges  0x00000c00       0x18 src/ASF/sam0/utils/cmsis/samd10/source/gcc/startup_samd10.o
 .debug_ranges  0x00000c18       0x38 src/Finch2AddLED.o
 .debug_ranges  0x00000c50       0x50 src/Finch2PowerButton.o
 .debug_ranges  0x00000ca0       0x48 src/FinchMotorControlLoop.o
 .debug_ranges  0x00000ce8       0x60 src/FinchEncoders.o
 .debug_ranges  0x00000d48       0x30 src/FinchMotors.o
 .debug_ranges  0x00000d78       0x28 src/main.o

.debug_macro    0x00000000     0xc649
 .debug_macro   0x00000000      0x680 src/Finch2InterruptHandler.o
 .debug_macro   0x00000680      0x6b3 src/Finch2ReadSensors.o
 .debug_macro   0x00000d33      0x69b src/Finch2SPISave.o
 .debug_macro   0x000013ce       0x4c src/Finch2SPISave.o
 .debug_macro   0x0000141a      0x68f src/Finch2Ultrasound.o
 .debug_macro   0x00001aa9      0x6d1 src/Finch2SPISlaveControl.o
 .debug_macro   0x0000217a       0x10 src/Finch2SPISlaveControl.o
 .debug_macro   0x0000218a       0x3a src/Finch2SPISlaveControl.o
 .debug_macro   0x000021c4      0x4d5 src/ASF/common2/services/delay/sam0/systick_counter.o
 .debug_macro   0x00002699       0x16 src/ASF/common2/services/delay/sam0/systick_counter.o
 .debug_macro   0x000026af      0x51c src/ASF/sam0/drivers/adc/adc_sam_d_r_h/adc_callback.o
 .debug_macro   0x00002bcb      0x513 src/ASF/sam0/drivers/dma/dma.o
 .debug_macro   0x000030de       0x4c src/ASF/sam0/drivers/dma/dma.o
 .debug_macro   0x0000312a       0x8d src/ASF/sam0/drivers/dma/dma.o
 .debug_macro   0x000031b7       0x57 src/ASF/sam0/drivers/dma/dma.o
 .debug_macro   0x0000320e       0x10 src/ASF/sam0/drivers/dma/dma.o
 .debug_macro   0x0000321e       0x1c src/ASF/sam0/drivers/dma/dma.o
 .debug_macro   0x0000323a      0x67d src/ASF/sam0/drivers/extint/extint_callback.o
 .debug_macro   0x000038b7       0x19 src/ASF/sam0/drivers/extint/extint_callback.o
 .debug_macro   0x000038d0      0x519 src/ASF/sam0/drivers/extint/extint_sam_d_r_h/extint.o
 .debug_macro   0x00003de9       0x16 src/ASF/sam0/drivers/extint/extint_sam_d_r_h/extint.o
 .debug_macro   0x00003dff      0x4b6 src/ASF/sam0/drivers/port/port.o
 .debug_macro   0x000042b5      0x527 src/ASF/sam0/drivers/sercom/sercom.o
 .debug_macro   0x000047dc      0x524 src/ASF/sam0/drivers/sercom/sercom_interrupt.o
 .debug_macro   0x00004d00      0x56d src/ASF/sam0/drivers/sercom/spi/spi.o
 .debug_macro   0x0000526d      0x6df src/ASF/sam0/drivers/sercom/spi/spi_interrupt.o
 .debug_macro   0x0000594c      0x5e1 src/ASF/sam0/drivers/tcc/tcc.o
 .debug_macro   0x00005f2d       0x19 src/ASF/sam0/drivers/tcc/tcc.o
 .debug_macro   0x00005f46       0x74 src/ASF/sam0/drivers/tcc/tcc.o
 .debug_macro   0x00005fba      0x514 src/ASF/sam0/drivers/tcc/tcc_callback.o
 .debug_macro   0x000064ce      0x508 src/ASF/sam0/drivers/tc/tc_interrupt.o
 .debug_macro   0x000069d6       0x19 src/ASF/sam0/drivers/tc/tc_interrupt.o
 .debug_macro   0x000069ef       0x51 src/ASF/sam0/drivers/tc/tc_interrupt.o
 .debug_macro   0x00006a40      0x523 src/ASF/sam0/drivers/tc/tc_sam_d_r_h/tc.o
 .debug_macro   0x00006f63      0x6b8 src/Finch2AddLEDControl.o
 .debug_macro   0x0000761b       0x46 src/Finch2AddLEDControl.o
 .debug_macro   0x00007661      0x674 src/ASF/common2/boards/user_board/init.o
 .debug_macro   0x00007cd5      0x49a src/ASF/common/utils/interrupt/interrupt_sam_nvic.o
 .debug_macro   0x0000816f      0x50d src/ASF/sam0/drivers/system/clock/clock_samd09_d10_d11/clock.o
 .debug_macro   0x0000867c      0x234 src/ASF/sam0/drivers/system/clock/clock_samd09_d10_d11/clock.o
 .debug_macro   0x000088b0      0x4d0 src/ASF/sam0/drivers/system/clock/clock_samd09_d10_d11/gclk.o
 .debug_macro   0x00008d80      0x4aa src/ASF/sam0/drivers/system/pinmux/pinmux.o
 .debug_macro   0x0000922a       0x12 src/ASF/sam0/drivers/system/pinmux/pinmux.o
 .debug_macro   0x0000923c      0x4dd src/ASF/sam0/drivers/system/system.o
 .debug_macro   0x00009719      0x672 src/ASF/sam0/utils/cmsis/samd10/source/gcc/startup_samd10.o
 .debug_macro   0x00009d8b       0x3a src/ASF/sam0/utils/cmsis/samd10/source/gcc/startup_samd10.o
 .debug_macro   0x00009dc5       0x16 src/ASF/sam0/utils/cmsis/samd10/source/gcc/startup_samd10.o
 .debug_macro   0x00009ddb      0x67c src/Finch2AddLED.o
 .debug_macro   0x0000a457      0x6a9 src/Finch2PowerButton.o
 .debug_macro   0x0000ab00       0x10 src/Finch2PowerButton.o
 .debug_macro   0x0000ab10      0x70c src/FinchMotorControlLoop.o
 .debug_macro   0x0000b21c      0x6a0 src/FinchEncoders.o
 .debug_macro   0x0000b8bc      0x67c src/FinchMotors.o
 .debug_macro   0x0000bf38      0x701 src/main.o
 .debug_macro   0x0000c639       0x10 src/main.o

.debug_line     0x00000000    0x1ab99
 .debug_line    0x00000000      0xdd7 src/Finch2InterruptHandler.o
 .debug_line    0x00000dd7      0xe4b src/Finch2ReadSensors.o
 .debug_line    0x00001c22      0xefb src/Finch2SPISave.o
 .debug_line    0x00002b1d      0xf4d src/Finch2Ultrasound.o
 .debug_line    0x00003a6a      0xee4 src/Finch2SPISlaveControl.o
 .debug_line    0x0000494e      0x953 src/ASF/common2/services/delay/sam0/systick_counter.o
 .debug_line    0x000052a1      0xb97 src/ASF/sam0/drivers/adc/adc_sam_d_r_h/adc_callback.o
 .debug_line    0x00005e38      0xc03 src/ASF/sam0/drivers/dma/dma.o
 .debug_line    0x00006a3b      0xea0 src/ASF/sam0/drivers/extint/extint_callback.o
 .debug_line    0x000078db      0xbc3 src/ASF/sam0/drivers/extint/extint_sam_d_r_h/extint.o
 .debug_line    0x0000849e      0x88c src/ASF/sam0/drivers/port/port.o
 .debug_line    0x00008d2a      0xb37 src/ASF/sam0/drivers/sercom/sercom.o
 .debug_line    0x00009861      0xacc src/ASF/sam0/drivers/sercom/sercom_interrupt.o
 .debug_line    0x0000a32d     0x12fb src/ASF/sam0/drivers/sercom/spi/spi.o
 .debug_line    0x0000b628      0xef6 src/ASF/sam0/drivers/sercom/spi/spi_interrupt.o
 .debug_line    0x0000c51e      0xdbb src/ASF/sam0/drivers/tcc/tcc.o
 .debug_line    0x0000d2d9      0xa20 src/ASF/sam0/drivers/tcc/tcc_callback.o
 .debug_line    0x0000dcf9      0xa03 src/ASF/sam0/drivers/tc/tc_interrupt.o
 .debug_line    0x0000e6fc      0xd25 src/ASF/sam0/drivers/tc/tc_sam_d_r_h/tc.o
 .debug_line    0x0000f421      0xedc src/Finch2AddLEDControl.o
 .debug_line    0x000102fd      0xdb3 src/ASF/common2/boards/user_board/init.o
 .debug_line    0x000110b0      0x860 src/ASF/common/utils/interrupt/interrupt_sam_nvic.o
 .debug_line    0x00011910      0xc58 src/ASF/sam0/drivers/system/clock/clock_samd09_d10_d11/clock.o
 .debug_line    0x00012568      0xc09 src/ASF/sam0/drivers/system/clock/clock_samd09_d10_d11/gclk.o
 .debug_line    0x00013171      0x8d9 src/ASF/sam0/drivers/system/pinmux/pinmux.o
 .debug_line    0x00013a4a      0x980 src/ASF/sam0/drivers/system/system.o
 .debug_line    0x000143ca      0xe39 src/ASF/sam0/utils/cmsis/samd10/source/gcc/startup_samd10.o
 .debug_line    0x00015203      0xeb1 src/Finch2AddLED.o
 .debug_line    0x000160b4      0xf34 src/Finch2PowerButton.o
 .debug_line    0x00016fe8      0xebe src/FinchMotorControlLoop.o
 .debug_line    0x00017ea6      0xf19 src/FinchEncoders.o
 .debug_line    0x00018dbf      0xe56 src/FinchMotors.o
 .debug_line    0x00019c15      0xf84 src/main.o

.debug_str      0x00000000    0x733d7
 .debug_str     0x00000000    0x6843e src/Finch2InterruptHandler.o
                              0x689e4 (size before relaxing)
 .debug_str     0x0006843e      0x1a0 src/Finch2ReadSensors.o
                              0x6896f (size before relaxing)
 .debug_str     0x000685de     0x17e9 src/Finch2SPISave.o
                              0x6a253 (size before relaxing)
 .debug_str     0x00069dc7      0xe02 src/Finch2Ultrasound.o
                              0x6a176 (size before relaxing)
 .debug_str     0x0006abc9      0x351 src/Finch2SPISlaveControl.o
                              0x69c44 (size before relaxing)
 .debug_str     0x0006af1a       0xa6 src/ASF/common2/services/delay/sam0/systick_counter.o
                              0x66774 (size before relaxing)
 .debug_str     0x0006afc0      0x192 src/ASF/sam0/drivers/adc/adc_sam_d_r_h/adc_callback.o
                              0x67252 (size before relaxing)
 .debug_str     0x0006b152      0xeb9 src/ASF/sam0/drivers/dma/dma.o
                              0x67faf (size before relaxing)
 .debug_str     0x0006c00b      0x33f src/ASF/sam0/drivers/extint/extint_callback.o
                              0x692a1 (size before relaxing)
 .debug_str     0x0006c34a      0x391 src/ASF/sam0/drivers/extint/extint_sam_d_r_h/extint.o
                              0x67b10 (size before relaxing)
 .debug_str     0x0006c6db       0x5e src/ASF/sam0/drivers/port/port.o
                              0x6697b (size before relaxing)
 .debug_str     0x0006c739      0x3b8 src/ASF/sam0/drivers/sercom/sercom.o
                              0x67988 (size before relaxing)
 .debug_str     0x0006caf1      0x17b src/ASF/sam0/drivers/sercom/sercom_interrupt.o
                              0x67700 (size before relaxing)
 .debug_str     0x0006cc6c      0x5a9 src/ASF/sam0/drivers/sercom/spi/spi.o
                              0x68cc9 (size before relaxing)
 .debug_str     0x0006d215      0x2a8 src/ASF/sam0/drivers/sercom/spi/spi_interrupt.o
                              0x69ad9 (size before relaxing)
 .debug_str     0x0006d4bd     0x2052 src/ASF/sam0/drivers/tcc/tcc.o
                              0x6997d (size before relaxing)
 .debug_str     0x0006f50f      0x199 src/ASF/sam0/drivers/tcc/tcc_callback.o
                              0x67d86 (size before relaxing)
 .debug_str     0x0006f6a8       0xad src/ASF/sam0/drivers/tc/tc_interrupt.o
                              0x6726d (size before relaxing)
 .debug_str     0x0006f755      0x1c4 src/ASF/sam0/drivers/tc/tc_sam_d_r_h/tc.o
                              0x67b4f (size before relaxing)
 .debug_str     0x0006f919      0x2b7 src/Finch2AddLEDControl.o
                              0x69238 (size before relaxing)
 .debug_str     0x0006fbd0       0x3e src/ASF/common2/boards/user_board/init.o
                              0x68805 (size before relaxing)
 .debug_str     0x0006fc0e       0x66 src/ASF/common/utils/interrupt/interrupt_sam_nvic.o
                              0x66564 (size before relaxing)
 .debug_str     0x0006fc74     0x2525 src/ASF/sam0/drivers/system/clock/clock_samd09_d10_d11/clock.o
                              0x694ab (size before relaxing)
 .debug_str     0x00072199      0x1bf src/ASF/sam0/drivers/system/clock/clock_samd09_d10_d11/gclk.o
                              0x671ba (size before relaxing)
 .debug_str     0x00072358      0x179 src/ASF/sam0/drivers/system/pinmux/pinmux.o
                              0x66a06 (size before relaxing)
 .debug_str     0x000724d1       0x47 src/ASF/sam0/drivers/system/system.o
                              0x66641 (size before relaxing)
 .debug_str     0x00072518      0x3a9 src/ASF/sam0/utils/cmsis/samd10/source/gcc/startup_samd10.o
                              0x69a0a (size before relaxing)
 .debug_str     0x000728c1      0x15f src/Finch2AddLED.o
                              0x6a79b (size before relaxing)
 .debug_str     0x00072a20      0x161 src/Finch2PowerButton.o
                              0x6a05b (size before relaxing)
 .debug_str     0x00072b81      0x3f4 src/FinchMotorControlLoop.o
                              0x696d8 (size before relaxing)
 .debug_str     0x00072f75      0x32f src/FinchEncoders.o
                              0x6a1ce (size before relaxing)
 .debug_str     0x000732a4       0xaa src/FinchMotors.o
                              0x6a120 (size before relaxing)
 .debug_str     0x0007334e       0x89 src/main.o
                              0x6a4b0 (size before relaxing)

.debug_frame    0x00000000     0x1724
 .debug_frame   0x00000000       0x34 src/Finch2InterruptHandler.o
 .debug_frame   0x00000034       0x40 src/Finch2ReadSensors.o
 .debug_frame   0x00000074       0xb8 src/Finch2SPISave.o
 .debug_frame   0x0000012c      0x144 src/Finch2Ultrasound.o
 .debug_frame   0x00000270       0x88 src/Finch2SPISlaveControl.o
 .debug_frame   0x000002f8       0x64 src/ASF/common2/services/delay/sam0/systick_counter.o
 .debug_frame   0x0000035c       0x84 src/ASF/sam0/drivers/adc/adc_sam_d_r_h/adc_callback.o
 .debug_frame   0x000003e0      0x110 src/ASF/sam0/drivers/dma/dma.o
 .debug_frame   0x000004f0       0x7c src/ASF/sam0/drivers/extint/extint_callback.o
 .debug_frame   0x0000056c       0xb8 src/ASF/sam0/drivers/extint/extint_sam_d_r_h/extint.o
 .debug_frame   0x00000624       0x44 src/ASF/sam0/drivers/port/port.o
 .debug_frame   0x00000668       0xbc src/ASF/sam0/drivers/sercom/sercom.o
 .debug_frame   0x00000724       0xa0 src/ASF/sam0/drivers/sercom/sercom_interrupt.o
 .debug_frame   0x000007c4      0x120 src/ASF/sam0/drivers/sercom/spi/spi.o
 .debug_frame   0x000008e4       0xb0 src/ASF/sam0/drivers/sercom/spi/spi_interrupt.o
 .debug_frame   0x00000994      0x1e4 src/ASF/sam0/drivers/tcc/tcc.o
 .debug_frame   0x00000b78       0xa4 src/ASF/sam0/drivers/tcc/tcc_callback.o
 .debug_frame   0x00000c1c       0x7c src/ASF/sam0/drivers/tc/tc_interrupt.o
 .debug_frame   0x00000c98       0xa8 src/ASF/sam0/drivers/tc/tc_sam_d_r_h/tc.o
 .debug_frame   0x00000d40       0x94 src/Finch2AddLEDControl.o
 .debug_frame   0x00000dd4       0x20 src/ASF/common2/boards/user_board/init.o
 .debug_frame   0x00000df4       0x30 src/ASF/common/utils/interrupt/interrupt_sam_nvic.o
 .debug_frame   0x00000e24      0x15c src/ASF/sam0/drivers/system/clock/clock_samd09_d10_d11/clock.o
 .debug_frame   0x00000f80      0x148 src/ASF/sam0/drivers/system/clock/clock_samd09_d10_d11/gclk.o
 .debug_frame   0x000010c8       0x98 src/ASF/sam0/drivers/system/pinmux/pinmux.o
 .debug_frame   0x00001160       0x38 src/ASF/sam0/drivers/system/system.o
 .debug_frame   0x00001198       0x48 src/ASF/sam0/utils/cmsis/samd10/source/gcc/startup_samd10.o
 .debug_frame   0x000011e0       0xa0 src/Finch2AddLED.o
 .debug_frame   0x00001280       0xf0 src/Finch2PowerButton.o
 .debug_frame   0x00001370       0xd4 src/FinchMotorControlLoop.o
 .debug_frame   0x00001444      0x10c src/FinchEncoders.o
 .debug_frame   0x00001550       0xa0 src/FinchMotors.o
 .debug_frame   0x000015f0       0x80 src/main.o
 .debug_frame   0x00001670       0x20 c:/program files (x86)/atmel/studio/7.0/toolchain/arm/arm-gnu-toolchain/bin/../lib/gcc/arm-none-eabi/6.2.1/thumb/v6-m\libgcc.a(_udivsi3.o)
 .debug_frame   0x00001690       0x20 c:/program files (x86)/atmel/studio/7.0/toolchain/arm/arm-gnu-toolchain/bin/../lib/gcc/arm-none-eabi/6.2.1/thumb/v6-m\libgcc.a(_divsi3.o)
 .debug_frame   0x000016b0       0x2c c:/program files (x86)/atmel/studio/7.0/toolchain/arm/arm-gnu-toolchain/bin/../lib/gcc/arm-none-eabi/6.2.1/../../../../arm-none-eabi/lib/thumb/v6-m\libc_nano.a(lib_a-init.o)
 .debug_frame   0x000016dc       0x28 c:/program files (x86)/atmel/studio/7.0/toolchain/arm/arm-gnu-toolchain/bin/../lib/gcc/arm-none-eabi/6.2.1/../../../../arm-none-eabi/lib/thumb/v6-m\libc_nano.a(lib_a-memcpy-stub.o)
 .debug_frame   0x00001704       0x20 c:/program files (x86)/atmel/studio/7.0/toolchain/arm/arm-gnu-toolchain/bin/../lib/gcc/arm-none-eabi/6.2.1/../../../../arm-none-eabi/lib/thumb/v6-m\libc_nano.a(lib_a-memset.o)

Cross Reference Table

Symbol                                            File
AC_Handler                                        src/ASF/sam0/utils/cmsis/samd10/source/gcc/startup_samd10.o
ADC_Handler                                       src/ASF/sam0/drivers/adc/adc_sam_d_r_h/adc_callback.o
DAC_Handler                                       src/ASF/sam0/utils/cmsis/samd10/source/gcc/startup_samd10.o
DMAC_Handler                                      src/ASF/sam0/drivers/dma/dma.o
DMASourceRegister                                 src/main.o
                                                  src/Finch2AddLED.o
                                                  src/Finch2AddLEDControl.o
Dummy_Handler                                     src/ASF/sam0/utils/cmsis/samd10/source/gcc/startup_samd10.o
EIC_Handler                                       src/ASF/sam0/drivers/extint/extint_callback.o
EVSYS_Handler                                     src/ASF/sam0/utils/cmsis/samd10/source/gcc/startup_samd10.o
HardFault_Handler                                 src/ASF/sam0/utils/cmsis/samd10/source/gcc/startup_samd10.o
LEDSPITimerUpdate                                 src/main.o
                                                  src/FinchEncoders.o
                                                  src/Finch2SPISlaveControl.o
LEDSPIUpdate                                      src/main.o
                                                  src/Finch2SPISlaveControl.o
NMI_Handler                                       src/ASF/sam0/utils/cmsis/samd10/source/gcc/startup_samd10.o
NVMCTRL_Handler                                   src/ASF/sam0/utils/cmsis/samd10/source/gcc/startup_samd10.o
PM_Handler                                        src/ASF/sam0/utils/cmsis/samd10/source/gcc/startup_samd10.o
PTC_Handler                                       src/ASF/sam0/utils/cmsis/samd10/source/gcc/startup_samd10.o
PendSV_Handler                                    src/ASF/sam0/utils/cmsis/samd10/source/gcc/startup_samd10.o
RGBPI55Init                                       src/Finch2AddLED.o
                                                  src/main.o
RGBPI55SetAllLED                                  src/Finch2AddLEDControl.o
                                                  src/Finch2PowerButton.o
                                                  src/test.o
                                                  src/Finch2SPISlaveControl.o
RGBPI55SetLED                                     src/Finch2AddLEDControl.o
                                                  src/test.o
RTC_Handler                                       src/ASF/sam0/utils/cmsis/samd10/source/gcc/startup_samd10.o
Reset_Handler                                     src/ASF/sam0/utils/cmsis/samd10/source/gcc/startup_samd10.o
SERCOM0_Handler                                   src/ASF/sam0/drivers/sercom/sercom_interrupt.o
SERCOM1_Handler                                   src/ASF/sam0/drivers/sercom/sercom_interrupt.o
SERCOM2_Handler                                   src/ASF/sam0/drivers/sercom/sercom_interrupt.o
SPIDataConertConsArray                            src/Finch2AddLEDControl.o
SPIMasterInit                                     src/Finch2AddLED.o
SVC_Handler                                       src/ASF/sam0/utils/cmsis/samd10/source/gcc/startup_samd10.o
SYSCTRL_Handler                                   src/ASF/sam0/utils/cmsis/samd10/source/gcc/startup_samd10.o
SysTick_Handler                                   src/ASF/sam0/utils/cmsis/samd10/source/gcc/startup_samd10.o
SystemCoreClock                                   src/ASF/sam0/utils/cmsis/samd10/source/system_samd10.o
SystemCoreClockUpdate                             src/ASF/sam0/utils/cmsis/samd10/source/system_samd10.o
SystemInit                                        src/ASF/sam0/utils/cmsis/samd10/source/system_samd10.o
TC1_Handler                                       src/ASF/sam0/drivers/tc/tc_interrupt.o
TC2_Handler                                       src/ASF/sam0/drivers/tc/tc_interrupt.o
TC2_OV_callback                                   src/Finch2Ultrasound.o
TCC0_Handler                                      src/ASF/sam0/drivers/tcc/tcc_callback.o
WDT_Handler                                       src/ASF/sam0/utils/cmsis/samd10/source/gcc/startup_samd10.o
_Jv_RegisterClasses                               c:/program files (x86)/atmel/studio/7.0/toolchain/arm/arm-gnu-toolchain/bin/../lib/gcc/arm-none-eabi/6.2.1/thumb/v6-m/crtbegin.o
__aeabi_idiv                                      c:/program files (x86)/atmel/studio/7.0/toolchain/arm/arm-gnu-toolchain/bin/../lib/gcc/arm-none-eabi/6.2.1/thumb/v6-m\libgcc.a(_divsi3.o)
                                                  src/FinchMotorControlLoop.o
                                                  src/Finch2ReadSensors.o
__aeabi_idiv0                                     c:/program files (x86)/atmel/studio/7.0/toolchain/arm/arm-gnu-toolchain/bin/../lib/gcc/arm-none-eabi/6.2.1/thumb/v6-m\libgcc.a(_dvmd_tls.o)
                                                  c:/program files (x86)/atmel/studio/7.0/toolchain/arm/arm-gnu-toolchain/bin/../lib/gcc/arm-none-eabi/6.2.1/thumb/v6-m\libgcc.a(_divsi3.o)
                                                  c:/program files (x86)/atmel/studio/7.0/toolchain/arm/arm-gnu-toolchain/bin/../lib/gcc/arm-none-eabi/6.2.1/thumb/v6-m\libgcc.a(_udivsi3.o)
__aeabi_idivmod                                   c:/program files (x86)/atmel/studio/7.0/toolchain/arm/arm-gnu-toolchain/bin/../lib/gcc/arm-none-eabi/6.2.1/thumb/v6-m\libgcc.a(_divsi3.o)
__aeabi_ldiv0                                     c:/program files (x86)/atmel/studio/7.0/toolchain/arm/arm-gnu-toolchain/bin/../lib/gcc/arm-none-eabi/6.2.1/thumb/v6-m\libgcc.a(_dvmd_tls.o)
__aeabi_lmul                                      c:/program files (x86)/atmel/studio/7.0/toolchain/arm/arm-gnu-toolchain/bin/../lib/gcc/arm-none-eabi/6.2.1/thumb/v6-m\libgcc.a(_muldi3.o)
                                                  src/ASF/sam0/drivers/sercom/sercom.o
__aeabi_uidiv                                     c:/program files (x86)/atmel/studio/7.0/toolchain/arm/arm-gnu-toolchain/bin/../lib/gcc/arm-none-eabi/6.2.1/thumb/v6-m\libgcc.a(_udivsi3.o)
                                                  src/ASF/sam0/drivers/system/clock/clock_samd09_d10_d11/gclk.o
                                                  src/ASF/sam0/drivers/system/clock/clock_samd09_d10_d11/clock.o
                                                  src/ASF/common2/services/delay/sam0/systick_counter.o
__aeabi_uidivmod                                  c:/program files (x86)/atmel/studio/7.0/toolchain/arm/arm-gnu-toolchain/bin/../lib/gcc/arm-none-eabi/6.2.1/thumb/v6-m\libgcc.a(_udivsi3.o)
__bss_end__                                       c:/program files (x86)/atmel/studio/7.0/toolchain/arm/arm-gnu-toolchain/bin/../lib/gcc/arm-none-eabi/6.2.1/../../../../arm-none-eabi/lib/thumb/v6-m/crt0.o
__bss_start__                                     c:/program files (x86)/atmel/studio/7.0/toolchain/arm/arm-gnu-toolchain/bin/../lib/gcc/arm-none-eabi/6.2.1/../../../../arm-none-eabi/lib/thumb/v6-m/crt0.o
__call_exitprocs                                  c:/program files (x86)/atmel/studio/7.0/toolchain/arm/arm-gnu-toolchain/bin/../lib/gcc/arm-none-eabi/6.2.1/../../../../arm-none-eabi/lib/thumb/v6-m\libc_nano.a(lib_a-exit.o)
__deregister_frame_info                           c:/program files (x86)/atmel/studio/7.0/toolchain/arm/arm-gnu-toolchain/bin/../lib/gcc/arm-none-eabi/6.2.1/thumb/v6-m/crtbegin.o
__divsi3                                          c:/program files (x86)/atmel/studio/7.0/toolchain/arm/arm-gnu-toolchain/bin/../lib/gcc/arm-none-eabi/6.2.1/thumb/v6-m\libgcc.a(_divsi3.o)
__dso_handle                                      c:/program files (x86)/atmel/studio/7.0/toolchain/arm/arm-gnu-toolchain/bin/../lib/gcc/arm-none-eabi/6.2.1/thumb/v6-m/crtbegin.o
__init_array_end                                  c:/program files (x86)/atmel/studio/7.0/toolchain/arm/arm-gnu-toolchain/bin/../lib/gcc/arm-none-eabi/6.2.1/../../../../arm-none-eabi/lib/thumb/v6-m\libc_nano.a(lib_a-init.o)
__init_array_start                                c:/program files (x86)/atmel/studio/7.0/toolchain/arm/arm-gnu-toolchain/bin/../lib/gcc/arm-none-eabi/6.2.1/../../../../arm-none-eabi/lib/thumb/v6-m\libc_nano.a(lib_a-init.o)
__libc_fini_array                                 c:/program files (x86)/atmel/studio/7.0/toolchain/arm/arm-gnu-toolchain/bin/../lib/gcc/arm-none-eabi/6.2.1/../../../../arm-none-eabi/lib/thumb/v6-m/crt0.o
__libc_init_array                                 c:/program files (x86)/atmel/studio/7.0/toolchain/arm/arm-gnu-toolchain/bin/../lib/gcc/arm-none-eabi/6.2.1/../../../../arm-none-eabi/lib/thumb/v6-m\libc_nano.a(lib_a-init.o)
                                                  src/ASF/sam0/utils/cmsis/samd10/source/gcc/startup_samd10.o
                                                  c:/program files (x86)/atmel/studio/7.0/toolchain/arm/arm-gnu-toolchain/bin/../lib/gcc/arm-none-eabi/6.2.1/../../../../arm-none-eabi/lib/thumb/v6-m/crt0.o
__malloc_free_list                                c:/program files (x86)/atmel/studio/7.0/toolchain/arm/arm-gnu-toolchain/bin/../lib/gcc/arm-none-eabi/6.2.1/../../../../arm-none-eabi/lib/thumb/v6-m\libc_nano.a(lib_a-nano-mallocr.o)
                                                  c:/program files (x86)/atmel/studio/7.0/toolchain/arm/arm-gnu-toolchain/bin/../lib/gcc/arm-none-eabi/6.2.1/../../../../arm-none-eabi/lib/thumb/v6-m\libc_nano.a(lib_a-nano-freer.o)
__malloc_lock                                     c:/program files (x86)/atmel/studio/7.0/toolchain/arm/arm-gnu-toolchain/bin/../lib/gcc/arm-none-eabi/6.2.1/../../../../arm-none-eabi/lib/thumb/v6-m\libc_nano.a(lib_a-mlock.o)
                                                  c:/program files (x86)/atmel/studio/7.0/toolchain/arm/arm-gnu-toolchain/bin/../lib/gcc/arm-none-eabi/6.2.1/../../../../arm-none-eabi/lib/thumb/v6-m\libc_nano.a(lib_a-nano-mallocr.o)
                                                  c:/program files (x86)/atmel/studio/7.0/toolchain/arm/arm-gnu-toolchain/bin/../lib/gcc/arm-none-eabi/6.2.1/../../../../arm-none-eabi/lib/thumb/v6-m\libc_nano.a(lib_a-nano-freer.o)
__malloc_sbrk_start                               c:/program files (x86)/atmel/studio/7.0/toolchain/arm/arm-gnu-toolchain/bin/../lib/gcc/arm-none-eabi/6.2.1/../../../../arm-none-eabi/lib/thumb/v6-m\libc_nano.a(lib_a-nano-mallocr.o)
__malloc_unlock                                   c:/program files (x86)/atmel/studio/7.0/toolchain/arm/arm-gnu-toolchain/bin/../lib/gcc/arm-none-eabi/6.2.1/../../../../arm-none-eabi/lib/thumb/v6-m\libc_nano.a(lib_a-mlock.o)
                                                  c:/program files (x86)/atmel/studio/7.0/toolchain/arm/arm-gnu-toolchain/bin/../lib/gcc/arm-none-eabi/6.2.1/../../../../arm-none-eabi/lib/thumb/v6-m\libc_nano.a(lib_a-nano-mallocr.o)
                                                  c:/program files (x86)/atmel/studio/7.0/toolchain/arm/arm-gnu-toolchain/bin/../lib/gcc/arm-none-eabi/6.2.1/../../../../arm-none-eabi/lib/thumb/v6-m\libc_nano.a(lib_a-nano-freer.o)
__muldi3                                          c:/program files (x86)/atmel/studio/7.0/toolchain/arm/arm-gnu-toolchain/bin/../lib/gcc/arm-none-eabi/6.2.1/thumb/v6-m\libgcc.a(_muldi3.o)
__preinit_array_end                               c:/program files (x86)/atmel/studio/7.0/toolchain/arm/arm-gnu-toolchain/bin/../lib/gcc/arm-none-eabi/6.2.1/../../../../arm-none-eabi/lib/thumb/v6-m\libc_nano.a(lib_a-init.o)
__preinit_array_start                             c:/program files (x86)/atmel/studio/7.0/toolchain/arm/arm-gnu-toolchain/bin/../lib/gcc/arm-none-eabi/6.2.1/../../../../arm-none-eabi/lib/thumb/v6-m\libc_nano.a(lib_a-init.o)
__register_frame_info                             c:/program files (x86)/atmel/studio/7.0/toolchain/arm/arm-gnu-toolchain/bin/../lib/gcc/arm-none-eabi/6.2.1/thumb/v6-m/crtbegin.o
__sf_fake_stderr                                  c:/program files (x86)/atmel/studio/7.0/toolchain/arm/arm-gnu-toolchain/bin/../lib/gcc/arm-none-eabi/6.2.1/../../../../arm-none-eabi/lib/thumb/v6-m\libc_nano.a(lib_a-impure.o)
__sf_fake_stdin                                   c:/program files (x86)/atmel/studio/7.0/toolchain/arm/arm-gnu-toolchain/bin/../lib/gcc/arm-none-eabi/6.2.1/../../../../arm-none-eabi/lib/thumb/v6-m\libc_nano.a(lib_a-impure.o)
__sf_fake_stdout                                  c:/program files (x86)/atmel/studio/7.0/toolchain/arm/arm-gnu-toolchain/bin/../lib/gcc/arm-none-eabi/6.2.1/../../../../arm-none-eabi/lib/thumb/v6-m\libc_nano.a(lib_a-impure.o)
__stack                                           c:/program files (x86)/atmel/studio/7.0/toolchain/arm/arm-gnu-toolchain/bin/../lib/gcc/arm-none-eabi/6.2.1/../../../../arm-none-eabi/lib/thumb/v6-m/crt0.o
__udivsi3                                         c:/program files (x86)/atmel/studio/7.0/toolchain/arm/arm-gnu-toolchain/bin/../lib/gcc/arm-none-eabi/6.2.1/thumb/v6-m\libgcc.a(_udivsi3.o)
_adc_instances                                    src/ASF/sam0/drivers/adc/adc_sam_d_r_h/adc_callback.o
                                                  src/ASF/sam0/drivers/adc/adc_sam_d_r_h/adc.o
_close                                            src/ASF/sam0/utils/syscalls/gcc/syscalls.o
_current_channel                                  src/ASF/sam0/drivers/extint/extint_callback.o
_dma_inst                                         src/ASF/sam0/drivers/dma/dma.o
_end                                              src/ASF/sam0/utils/syscalls/gcc/syscalls.o
_erelocate                                        src/ASF/sam0/utils/cmsis/samd10/source/gcc/startup_samd10.o
_estack                                           src/ASF/sam0/utils/cmsis/samd10/source/gcc/startup_samd10.o
_etext                                            src/ASF/sam0/utils/cmsis/samd10/source/gcc/startup_samd10.o
_exit                                             src/ASF/sam0/utils/syscalls/gcc/syscalls.o